<!doctype html public "-//w3c//dtd html 4.0 transitional//en">
<html><head>
<title>Static Call Graph - [Alpha-GoLite\Alpha-GoLite.axf]</title></head>
<body><HR>
<H1>Static Call Graph for image Alpha-GoLite\Alpha-GoLite.axf</H1><HR>
<BR><P>#&#060CALLGRAPH&#062# ARM Linker, 6180002: Last Updated: Mon Nov 25 22:04:00 2024
<BR><P>
<H3>Maximum Stack Usage =       1496 bytes + Unknown(Functions without stacksize, Cycles, Untraceable Function Pointers)</H3><H3>
Call chain for Maximum Stack Depth:</H3>
lv_slider_event &rArr; lv_bar_event &rArr; lv_obj_event &rArr; layout_update_core &rArr;  layout_update_core (Cycle)
<P>
<H3>
Functions with no stack information
</H3><UL>
 <LI><a href="#[18a]">__user_initial_stackheap</a>
</UL>
</UL>
<P>
<H3>
Mutually Recursive functions
</H3> <LI><a href="#[81]">ADC3_IRQHandler</a>&nbsp;&nbsp;&nbsp;&rArr;&nbsp;&nbsp;&nbsp;<a href="#[81]">ADC3_IRQHandler</a><BR>
 <LI><a href="#[4]">BusFault_Handler</a>&nbsp;&nbsp;&nbsp;&rArr;&nbsp;&nbsp;&nbsp;<a href="#[4]">BusFault_Handler</a><BR>
 <LI><a href="#[2]">HardFault_Handler</a>&nbsp;&nbsp;&nbsp;&rArr;&nbsp;&nbsp;&nbsp;<a href="#[2]">HardFault_Handler</a><BR>
 <LI><a href="#[3]">MemManage_Handler</a>&nbsp;&nbsp;&nbsp;&rArr;&nbsp;&nbsp;&nbsp;<a href="#[3]">MemManage_Handler</a><BR>
 <LI><a href="#[1]">NMI_Handler</a>&nbsp;&nbsp;&nbsp;&rArr;&nbsp;&nbsp;&nbsp;<a href="#[1]">NMI_Handler</a><BR>
 <LI><a href="#[1bf]">_vsnprintf</a>&nbsp;&nbsp;&nbsp;&rArr;&nbsp;&nbsp;&nbsp;<a href="#[1bf]">_vsnprintf</a><BR>
 <LI><a href="#[248]">lv_obj_transform_point</a>&nbsp;&nbsp;&nbsp;&rArr;&nbsp;&nbsp;&nbsp;<a href="#[248]">lv_obj_transform_point</a><BR>
 <LI><a href="#[5]">UsageFault_Handler</a>&nbsp;&nbsp;&nbsp;&rArr;&nbsp;&nbsp;&nbsp;<a href="#[5]">UsageFault_Handler</a><BR>
 <LI><a href="#[267]">lv_obj_redraw</a>&nbsp;&nbsp;&nbsp;&rArr;&nbsp;&nbsp;&nbsp;<a href="#[268]">refr_obj</a><BR>
 <LI><a href="#[1b7]">event_send_core</a>&nbsp;&nbsp;&nbsp;&rArr;&nbsp;&nbsp;&nbsp;<a href="#[1b7]">event_send_core</a><BR>
 <LI><a href="#[270]">lv_refr_get_top_obj</a>&nbsp;&nbsp;&nbsp;&rArr;&nbsp;&nbsp;&nbsp;<a href="#[270]">lv_refr_get_top_obj</a><BR>
 <LI><a href="#[26a]">refresh_children_style</a>&nbsp;&nbsp;&nbsp;&rArr;&nbsp;&nbsp;&nbsp;<a href="#[26a]">refresh_children_style</a><BR>
 <LI><a href="#[1cd]">lv_obj_move_children_by</a>&nbsp;&nbsp;&nbsp;&rArr;&nbsp;&nbsp;&nbsp;<a href="#[1cd]">lv_obj_move_children_by</a><BR>
 <LI><a href="#[269]">lv_obj_scroll_by_bounded</a>&nbsp;&nbsp;&nbsp;&rArr;&nbsp;&nbsp;&nbsp;<a href="#[1a0]">layout_update_core</a><BR>
 <LI><a href="#[1a0]">layout_update_core</a>&nbsp;&nbsp;&nbsp;&rArr;&nbsp;&nbsp;&nbsp;<a href="#[1a0]">layout_update_core</a><BR>
 <LI><a href="#[25f]">lv_obj_construct</a>&nbsp;&nbsp;&nbsp;&rArr;&nbsp;&nbsp;&nbsp;<a href="#[25f]">lv_obj_construct</a><BR>
 <LI><a href="#[1c1]">apply_theme</a>&nbsp;&nbsp;&nbsp;&rArr;&nbsp;&nbsp;&nbsp;<a href="#[1c1]">apply_theme</a><BR>
 <LI><a href="#[1ff]">lv_indev_search_obj</a>&nbsp;&nbsp;&nbsp;&rArr;&nbsp;&nbsp;&nbsp;<a href="#[1ff]">lv_indev_search_obj</a><BR>
 <LI><a href="#[261]">obj_del_core</a>&nbsp;&nbsp;&nbsp;&rArr;&nbsp;&nbsp;&nbsp;<a href="#[261]">obj_del_core</a><BR>
 <LI><a href="#[28d]">report_style_change_core</a>&nbsp;&nbsp;&nbsp;&rArr;&nbsp;&nbsp;&nbsp;<a href="#[28d]">report_style_change_core</a><BR>
</UL>
<P>
<H3>
Function Pointers
</H3><UL>
 <LI><a href="#[81]">ADC3_IRQHandler</a> from startup_stm32h743xx.o(.text) referenced from startup_stm32h743xx.o(RESET)
 <LI><a href="#[1c]">ADC_IRQHandler</a> from startup_stm32h743xx.o(.text) referenced from startup_stm32h743xx.o(RESET)
 <LI><a href="#[83]">BDMA_Channel0_IRQHandler</a> from startup_stm32h743xx.o(.text) referenced from startup_stm32h743xx.o(RESET)
 <LI><a href="#[84]">BDMA_Channel1_IRQHandler</a> from startup_stm32h743xx.o(.text) referenced from startup_stm32h743xx.o(RESET)
 <LI><a href="#[85]">BDMA_Channel2_IRQHandler</a> from startup_stm32h743xx.o(.text) referenced from startup_stm32h743xx.o(RESET)
 <LI><a href="#[86]">BDMA_Channel3_IRQHandler</a> from startup_stm32h743xx.o(.text) referenced from startup_stm32h743xx.o(RESET)
 <LI><a href="#[87]">BDMA_Channel4_IRQHandler</a> from startup_stm32h743xx.o(.text) referenced from startup_stm32h743xx.o(RESET)
 <LI><a href="#[88]">BDMA_Channel5_IRQHandler</a> from startup_stm32h743xx.o(.text) referenced from startup_stm32h743xx.o(RESET)
 <LI><a href="#[89]">BDMA_Channel6_IRQHandler</a> from startup_stm32h743xx.o(.text) referenced from startup_stm32h743xx.o(RESET)
 <LI><a href="#[8a]">BDMA_Channel7_IRQHandler</a> from startup_stm32h743xx.o(.text) referenced from startup_stm32h743xx.o(RESET)
 <LI><a href="#[e7]">Bounce_nonlinear_control_next</a> from lto-llvm-f34deb.o(.text.Bounce_nonlinear_control_next) referenced 2 times from lto-llvm-f34deb.o(.text.main)
 <LI><a href="#[e8]">Bounce_nonlinear_control_start</a> from lto-llvm-f34deb.o(.text.Bounce_nonlinear_control_start) referenced 2 times from lto-llvm-f34deb.o(.text.main)
 <LI><a href="#[4]">BusFault_Handler</a> from lto-llvm-f34deb.o(.text.BusFault_Handler) referenced from startup_stm32h743xx.o(RESET)
 <LI><a href="#[62]">CEC_IRQHandler</a> from startup_stm32h743xx.o(.text) referenced from startup_stm32h743xx.o(RESET)
 <LI><a href="#[8b]">COMP1_IRQHandler</a> from startup_stm32h743xx.o(.text) referenced from startup_stm32h743xx.o(RESET)
 <LI><a href="#[91]">CRS_IRQHandler</a> from startup_stm32h743xx.o(.text) referenced from startup_stm32h743xx.o(RESET)
 <LI><a href="#[e9]">Circ_nonlinear_control_next</a> from lto-llvm-f34deb.o(.text.Circ_nonlinear_control_next) referenced 2 times from lto-llvm-f34deb.o(.text.main)
 <LI><a href="#[ea]">Circ_nonlinear_control_start</a> from lto-llvm-f34deb.o(.text.Circ_nonlinear_control_start) referenced 2 times from lto-llvm-f34deb.o(.text.main)
 <LI><a href="#[53]">DCMI_IRQHandler</a> from startup_stm32h743xx.o(.text) referenced from startup_stm32h743xx.o(RESET)
 <LI><a href="#[72]">DFSDM1_FLT0_IRQHandler</a> from startup_stm32h743xx.o(.text) referenced from startup_stm32h743xx.o(RESET)
 <LI><a href="#[73]">DFSDM1_FLT1_IRQHandler</a> from startup_stm32h743xx.o(.text) referenced from startup_stm32h743xx.o(RESET)
 <LI><a href="#[74]">DFSDM1_FLT2_IRQHandler</a> from startup_stm32h743xx.o(.text) referenced from startup_stm32h743xx.o(RESET)
 <LI><a href="#[75]">DFSDM1_FLT3_IRQHandler</a> from startup_stm32h743xx.o(.text) referenced from startup_stm32h743xx.o(RESET)
 <LI><a href="#[15]">DMA1_Stream0_IRQHandler</a> from startup_stm32h743xx.o(.text) referenced from startup_stm32h743xx.o(RESET)
 <LI><a href="#[16]">DMA1_Stream1_IRQHandler</a> from startup_stm32h743xx.o(.text) referenced from startup_stm32h743xx.o(RESET)
 <LI><a href="#[17]">DMA1_Stream2_IRQHandler</a> from startup_stm32h743xx.o(.text) referenced from startup_stm32h743xx.o(RESET)
 <LI><a href="#[18]">DMA1_Stream3_IRQHandler</a> from startup_stm32h743xx.o(.text) referenced from startup_stm32h743xx.o(RESET)
 <LI><a href="#[19]">DMA1_Stream4_IRQHandler</a> from startup_stm32h743xx.o(.text) referenced from startup_stm32h743xx.o(RESET)
 <LI><a href="#[1a]">DMA1_Stream5_IRQHandler</a> from startup_stm32h743xx.o(.text) referenced from startup_stm32h743xx.o(RESET)
 <LI><a href="#[1b]">DMA1_Stream6_IRQHandler</a> from startup_stm32h743xx.o(.text) referenced from startup_stm32h743xx.o(RESET)
 <LI><a href="#[38]">DMA1_Stream7_IRQHandler</a> from startup_stm32h743xx.o(.text) referenced from startup_stm32h743xx.o(RESET)
 <LI><a href="#[5e]">DMA2D_IRQHandler</a> from startup_stm32h743xx.o(.text) referenced from startup_stm32h743xx.o(RESET)
 <LI><a href="#[41]">DMA2_Stream0_IRQHandler</a> from startup_stm32h743xx.o(.text) referenced from startup_stm32h743xx.o(RESET)
 <LI><a href="#[42]">DMA2_Stream1_IRQHandler</a> from startup_stm32h743xx.o(.text) referenced from startup_stm32h743xx.o(RESET)
 <LI><a href="#[43]">DMA2_Stream2_IRQHandler</a> from startup_stm32h743xx.o(.text) referenced from startup_stm32h743xx.o(RESET)
 <LI><a href="#[44]">DMA2_Stream3_IRQHandler</a> from startup_stm32h743xx.o(.text) referenced from startup_stm32h743xx.o(RESET)
 <LI><a href="#[45]">DMA2_Stream4_IRQHandler</a> from startup_stm32h743xx.o(.text) referenced from startup_stm32h743xx.o(RESET)
 <LI><a href="#[49]">DMA2_Stream5_IRQHandler</a> from startup_stm32h743xx.o(.text) referenced from startup_stm32h743xx.o(RESET)
 <LI><a href="#[4a]">DMA2_Stream6_IRQHandler</a> from startup_stm32h743xx.o(.text) referenced from startup_stm32h743xx.o(RESET)
 <LI><a href="#[4b]">DMA2_Stream7_IRQHandler</a> from startup_stm32h743xx.o(.text) referenced from startup_stm32h743xx.o(RESET)
 <LI><a href="#[6a]">DMAMUX1_OVR_IRQHandler</a> from startup_stm32h743xx.o(.text) referenced from startup_stm32h743xx.o(RESET)
 <LI><a href="#[82]">DMAMUX2_OVR_IRQHandler</a> from startup_stm32h743xx.o(.text) referenced from startup_stm32h743xx.o(RESET)
 <LI><a href="#[7]">DebugMon_Handler</a> from lto-llvm-f34deb.o(.text.DebugMon_Handler) referenced from startup_stm32h743xx.o(RESET)
 <LI><a href="#[92]">ECC_IRQHandler</a> from startup_stm32h743xx.o(.text) referenced from startup_stm32h743xx.o(RESET)
 <LI><a href="#[46]">ETH_IRQHandler</a> from startup_stm32h743xx.o(.text) referenced from startup_stm32h743xx.o(RESET)
 <LI><a href="#[47]">ETH_WKUP_IRQHandler</a> from startup_stm32h743xx.o(.text) referenced from startup_stm32h743xx.o(RESET)
 <LI><a href="#[10]">EXTI0_IRQHandler</a> from startup_stm32h743xx.o(.text) referenced from startup_stm32h743xx.o(RESET)
 <LI><a href="#[32]">EXTI15_10_IRQHandler</a> from startup_stm32h743xx.o(.text) referenced from startup_stm32h743xx.o(RESET)
 <LI><a href="#[11]">EXTI1_IRQHandler</a> from startup_stm32h743xx.o(.text) referenced from startup_stm32h743xx.o(RESET)
 <LI><a href="#[12]">EXTI2_IRQHandler</a> from startup_stm32h743xx.o(.text) referenced from startup_stm32h743xx.o(RESET)
 <LI><a href="#[13]">EXTI3_IRQHandler</a> from startup_stm32h743xx.o(.text) referenced from startup_stm32h743xx.o(RESET)
 <LI><a href="#[14]">EXTI4_IRQHandler</a> from startup_stm32h743xx.o(.text) referenced from startup_stm32h743xx.o(RESET)
 <LI><a href="#[21]">EXTI9_5_IRQHandler</a> from startup_stm32h743xx.o(.text) referenced from startup_stm32h743xx.o(RESET)
 <LI><a href="#[1d]">FDCAN1_IT0_IRQHandler</a> from startup_stm32h743xx.o(.text) referenced from startup_stm32h743xx.o(RESET)
 <LI><a href="#[1f]">FDCAN1_IT1_IRQHandler</a> from startup_stm32h743xx.o(.text) referenced from startup_stm32h743xx.o(RESET)
 <LI><a href="#[1e]">FDCAN2_IT0_IRQHandler</a> from startup_stm32h743xx.o(.text) referenced from startup_stm32h743xx.o(RESET)
 <LI><a href="#[20]">FDCAN2_IT1_IRQHandler</a> from startup_stm32h743xx.o(.text) referenced from startup_stm32h743xx.o(RESET)
 <LI><a href="#[48]">FDCAN_CAL_IRQHandler</a> from startup_stm32h743xx.o(.text) referenced from startup_stm32h743xx.o(RESET)
 <LI><a href="#[e]">FLASH_IRQHandler</a> from startup_stm32h743xx.o(.text) referenced from startup_stm32h743xx.o(RESET)
 <LI><a href="#[39]">FMC_IRQHandler</a> from startup_stm32h743xx.o(.text) referenced from startup_stm32h743xx.o(RESET)
 <LI><a href="#[55]">FPU_IRQHandler</a> from startup_stm32h743xx.o(.text) referenced from startup_stm32h743xx.o(RESET)
 <LI><a href="#[71]">HRTIM1_FLT_IRQHandler</a> from startup_stm32h743xx.o(.text) referenced from startup_stm32h743xx.o(RESET)
 <LI><a href="#[6b]">HRTIM1_Master_IRQHandler</a> from startup_stm32h743xx.o(.text) referenced from startup_stm32h743xx.o(RESET)
 <LI><a href="#[6c]">HRTIM1_TIMA_IRQHandler</a> from startup_stm32h743xx.o(.text) referenced from startup_stm32h743xx.o(RESET)
 <LI><a href="#[6d]">HRTIM1_TIMB_IRQHandler</a> from startup_stm32h743xx.o(.text) referenced from startup_stm32h743xx.o(RESET)
 <LI><a href="#[6e]">HRTIM1_TIMC_IRQHandler</a> from startup_stm32h743xx.o(.text) referenced from startup_stm32h743xx.o(RESET)
 <LI><a href="#[6f]">HRTIM1_TIMD_IRQHandler</a> from startup_stm32h743xx.o(.text) referenced from startup_stm32h743xx.o(RESET)
 <LI><a href="#[70]">HRTIM1_TIME_IRQHandler</a> from startup_stm32h743xx.o(.text) referenced from startup_stm32h743xx.o(RESET)
 <LI><a href="#[80]">HSEM1_IRQHandler</a> from startup_stm32h743xx.o(.text) referenced from startup_stm32h743xx.o(RESET)
 <LI><a href="#[2]">HardFault_Handler</a> from lto-llvm-f34deb.o(.text.HardFault_Handler) referenced from startup_stm32h743xx.o(RESET)
 <LI><a href="#[2a]">I2C1_ER_IRQHandler</a> from startup_stm32h743xx.o(.text) referenced from startup_stm32h743xx.o(RESET)
 <LI><a href="#[29]">I2C1_EV_IRQHandler</a> from startup_stm32h743xx.o(.text) referenced from startup_stm32h743xx.o(RESET)
 <LI><a href="#[2c]">I2C2_ER_IRQHandler</a> from startup_stm32h743xx.o(.text) referenced from startup_stm32h743xx.o(RESET)
 <LI><a href="#[2b]">I2C2_EV_IRQHandler</a> from startup_stm32h743xx.o(.text) referenced from startup_stm32h743xx.o(RESET)
 <LI><a href="#[4e]">I2C3_ER_IRQHandler</a> from startup_stm32h743xx.o(.text) referenced from startup_stm32h743xx.o(RESET)
 <LI><a href="#[4d]">I2C3_EV_IRQHandler</a> from startup_stm32h743xx.o(.text) referenced from startup_stm32h743xx.o(RESET)
 <LI><a href="#[64]">I2C4_ER_IRQHandler</a> from startup_stm32h743xx.o(.text) referenced from startup_stm32h743xx.o(RESET)
 <LI><a href="#[63]">I2C4_EV_IRQHandler</a> from startup_stm32h743xx.o(.text) referenced from startup_stm32h743xx.o(RESET)
 <LI><a href="#[7d]">JPEG_IRQHandler</a> from startup_stm32h743xx.o(.text) referenced from startup_stm32h743xx.o(RESET)
 <LI><a href="#[61]">LPTIM1_IRQHandler</a> from startup_stm32h743xx.o(.text) referenced from startup_stm32h743xx.o(RESET)
 <LI><a href="#[8c]">LPTIM2_IRQHandler</a> from startup_stm32h743xx.o(.text) referenced from startup_stm32h743xx.o(RESET)
 <LI><a href="#[8d]">LPTIM3_IRQHandler</a> from startup_stm32h743xx.o(.text) referenced from startup_stm32h743xx.o(RESET)
 <LI><a href="#[8e]">LPTIM4_IRQHandler</a> from startup_stm32h743xx.o(.text) referenced from startup_stm32h743xx.o(RESET)
 <LI><a href="#[8f]">LPTIM5_IRQHandler</a> from startup_stm32h743xx.o(.text) referenced from startup_stm32h743xx.o(RESET)
 <LI><a href="#[90]">LPUART1_IRQHandler</a> from startup_stm32h743xx.o(.text) referenced from startup_stm32h743xx.o(RESET)
 <LI><a href="#[5d]">LTDC_ER_IRQHandler</a> from startup_stm32h743xx.o(.text) referenced from startup_stm32h743xx.o(RESET)
 <LI><a href="#[5c]">LTDC_IRQHandler</a> from startup_stm32h743xx.o(.text) referenced from startup_stm32h743xx.o(RESET)
 <LI><a href="#[7c]">MDIOS_IRQHandler</a> from startup_stm32h743xx.o(.text) referenced from startup_stm32h743xx.o(RESET)
 <LI><a href="#[7b]">MDIOS_WKUP_IRQHandler</a> from startup_stm32h743xx.o(.text) referenced from startup_stm32h743xx.o(RESET)
 <LI><a href="#[7e]">MDMA_IRQHandler</a> from startup_stm32h743xx.o(.text) referenced from startup_stm32h743xx.o(RESET)
 <LI><a href="#[3]">MemManage_Handler</a> from lto-llvm-f34deb.o(.text.MemManage_Handler) referenced from startup_stm32h743xx.o(RESET)
 <LI><a href="#[1]">NMI_Handler</a> from lto-llvm-f34deb.o(.text.NMI_Handler) referenced from startup_stm32h743xx.o(RESET)
 <LI><a href="#[67]">OTG_FS_EP1_IN_IRQHandler</a> from startup_stm32h743xx.o(.text) referenced from startup_stm32h743xx.o(RESET)
 <LI><a href="#[66]">OTG_FS_EP1_OUT_IRQHandler</a> from startup_stm32h743xx.o(.text) referenced from startup_stm32h743xx.o(RESET)
 <LI><a href="#[69]">OTG_FS_IRQHandler</a> from startup_stm32h743xx.o(.text) referenced from startup_stm32h743xx.o(RESET)
 <LI><a href="#[68]">OTG_FS_WKUP_IRQHandler</a> from startup_stm32h743xx.o(.text) referenced from startup_stm32h743xx.o(RESET)
 <LI><a href="#[50]">OTG_HS_EP1_IN_IRQHandler</a> from startup_stm32h743xx.o(.text) referenced from startup_stm32h743xx.o(RESET)
 <LI><a href="#[4f]">OTG_HS_EP1_OUT_IRQHandler</a> from startup_stm32h743xx.o(.text) referenced from startup_stm32h743xx.o(RESET)
 <LI><a href="#[52]">OTG_HS_IRQHandler</a> from startup_stm32h743xx.o(.text) referenced from startup_stm32h743xx.o(RESET)
 <LI><a href="#[51]">OTG_HS_WKUP_IRQHandler</a> from startup_stm32h743xx.o(.text) referenced from startup_stm32h743xx.o(RESET)
 <LI><a href="#[b]">PVD_AVD_IRQHandler</a> from startup_stm32h743xx.o(.text) referenced from startup_stm32h743xx.o(RESET)
 <LI><a href="#[8]">PendSV_Handler</a> from lto-llvm-f34deb.o(.text.PendSV_Handler) referenced from startup_stm32h743xx.o(RESET)
 <LI><a href="#[60]">QUADSPI_IRQHandler</a> from startup_stm32h743xx.o(.text) referenced from startup_stm32h743xx.o(RESET)
 <LI><a href="#[eb]">Quint_nonlinear_control_next</a> from lto-llvm-f34deb.o(.text.Quint_nonlinear_control_next) referenced 2 times from lto-llvm-f34deb.o(.text.main)
 <LI><a href="#[ec]">Quint_nonlinear_control_start</a> from lto-llvm-f34deb.o(.text.Quint_nonlinear_control_start) referenced 2 times from lto-llvm-f34deb.o(.text.main)
 <LI><a href="#[f]">RCC_IRQHandler</a> from startup_stm32h743xx.o(.text) referenced from startup_stm32h743xx.o(RESET)
 <LI><a href="#[54]">RNG_IRQHandler</a> from startup_stm32h743xx.o(.text) referenced from startup_stm32h743xx.o(RESET)
 <LI><a href="#[33]">RTC_Alarm_IRQHandler</a> from startup_stm32h743xx.o(.text) referenced from startup_stm32h743xx.o(RESET)
 <LI><a href="#[d]">RTC_WKUP_IRQHandler</a> from startup_stm32h743xx.o(.text) referenced from startup_stm32h743xx.o(RESET)
 <LI><a href="#[0]">Reset_Handler</a> from startup_stm32h743xx.o(.text) referenced from startup_stm32h743xx.o(RESET)
 <LI><a href="#[5b]">SAI1_IRQHandler</a> from startup_stm32h743xx.o(.text) referenced from startup_stm32h743xx.o(RESET)
 <LI><a href="#[5f]">SAI2_IRQHandler</a> from startup_stm32h743xx.o(.text) referenced from startup_stm32h743xx.o(RESET)
 <LI><a href="#[76]">SAI3_IRQHandler</a> from startup_stm32h743xx.o(.text) referenced from startup_stm32h743xx.o(RESET)
 <LI><a href="#[93]">SAI4_IRQHandler</a> from startup_stm32h743xx.o(.text) referenced from startup_stm32h743xx.o(RESET)
 <LI><a href="#[3a]">SDMMC1_IRQHandler</a> from startup_stm32h743xx.o(.text) referenced from startup_stm32h743xx.o(RESET)
 <LI><a href="#[7f]">SDMMC2_IRQHandler</a> from startup_stm32h743xx.o(.text) referenced from startup_stm32h743xx.o(RESET)
 <LI><a href="#[65]">SPDIF_RX_IRQHandler</a> from startup_stm32h743xx.o(.text) referenced from startup_stm32h743xx.o(RESET)
 <LI><a href="#[2d]">SPI1_IRQHandler</a> from startup_stm32h743xx.o(.text) referenced from startup_stm32h743xx.o(RESET)
 <LI><a href="#[2e]">SPI2_IRQHandler</a> from startup_stm32h743xx.o(.text) referenced from startup_stm32h743xx.o(RESET)
 <LI><a href="#[3c]">SPI3_IRQHandler</a> from startup_stm32h743xx.o(.text) referenced from startup_stm32h743xx.o(RESET)
 <LI><a href="#[58]">SPI4_IRQHandler</a> from startup_stm32h743xx.o(.text) referenced from startup_stm32h743xx.o(RESET)
 <LI><a href="#[59]">SPI5_IRQHandler</a> from startup_stm32h743xx.o(.text) referenced from startup_stm32h743xx.o(RESET)
 <LI><a href="#[5a]">SPI6_IRQHandler</a> from startup_stm32h743xx.o(.text) referenced from startup_stm32h743xx.o(RESET)
 <LI><a href="#[6]">SVC_Handler</a> from lto-llvm-f34deb.o(.text.SVC_Handler) referenced from startup_stm32h743xx.o(RESET)
 <LI><a href="#[77]">SWPMI1_IRQHandler</a> from startup_stm32h743xx.o(.text) referenced from startup_stm32h743xx.o(RESET)
 <LI><a href="#[9]">SysTick_Handler</a> from lto-llvm-f34deb.o(.text.SysTick_Handler) referenced from startup_stm32h743xx.o(RESET)
 <LI><a href="#[95]">SystemInit</a> from lto-llvm-f34deb.o(.text.SystemInit) referenced from startup_stm32h743xx.o(.text)
 <LI><a href="#[c]">TAMP_STAMP_IRQHandler</a> from startup_stm32h743xx.o(.text) referenced from startup_stm32h743xx.o(RESET)
 <LI><a href="#[78]">TIM15_IRQHandler</a> from startup_stm32h743xx.o(.text) referenced from startup_stm32h743xx.o(RESET)
 <LI><a href="#[79]">TIM16_IRQHandler</a> from startup_stm32h743xx.o(.text) referenced from startup_stm32h743xx.o(RESET)
 <LI><a href="#[7a]">TIM17_IRQHandler</a> from startup_stm32h743xx.o(.text) referenced from startup_stm32h743xx.o(RESET)
 <LI><a href="#[22]">TIM1_BRK_IRQHandler</a> from startup_stm32h743xx.o(.text) referenced from startup_stm32h743xx.o(RESET)
 <LI><a href="#[25]">TIM1_CC_IRQHandler</a> from startup_stm32h743xx.o(.text) referenced from startup_stm32h743xx.o(RESET)
 <LI><a href="#[24]">TIM1_TRG_COM_IRQHandler</a> from startup_stm32h743xx.o(.text) referenced from startup_stm32h743xx.o(RESET)
 <LI><a href="#[23]">TIM1_UP_IRQHandler</a> from lto-llvm-f34deb.o(.text.TIM1_UP_IRQHandler) referenced from startup_stm32h743xx.o(RESET)
 <LI><a href="#[26]">TIM2_IRQHandler</a> from lto-llvm-f34deb.o(.text.TIM2_IRQHandler) referenced from startup_stm32h743xx.o(RESET)
 <LI><a href="#[27]">TIM3_IRQHandler</a> from startup_stm32h743xx.o(.text) referenced from startup_stm32h743xx.o(RESET)
 <LI><a href="#[28]">TIM4_IRQHandler</a> from startup_stm32h743xx.o(.text) referenced from startup_stm32h743xx.o(RESET)
 <LI><a href="#[3b]">TIM5_IRQHandler</a> from startup_stm32h743xx.o(.text) referenced from startup_stm32h743xx.o(RESET)
 <LI><a href="#[3f]">TIM6_DAC_IRQHandler</a> from startup_stm32h743xx.o(.text) referenced from startup_stm32h743xx.o(RESET)
 <LI><a href="#[40]">TIM7_IRQHandler</a> from startup_stm32h743xx.o(.text) referenced from startup_stm32h743xx.o(RESET)
 <LI><a href="#[34]">TIM8_BRK_TIM12_IRQHandler</a> from startup_stm32h743xx.o(.text) referenced from startup_stm32h743xx.o(RESET)
 <LI><a href="#[37]">TIM8_CC_IRQHandler</a> from startup_stm32h743xx.o(.text) referenced from startup_stm32h743xx.o(RESET)
 <LI><a href="#[36]">TIM8_TRG_COM_TIM14_IRQHandler</a> from startup_stm32h743xx.o(.text) referenced from startup_stm32h743xx.o(RESET)
 <LI><a href="#[35]">TIM8_UP_TIM13_IRQHandler</a> from startup_stm32h743xx.o(.text) referenced from startup_stm32h743xx.o(RESET)
 <LI><a href="#[3d]">UART4_IRQHandler</a> from startup_stm32h743xx.o(.text) referenced from startup_stm32h743xx.o(RESET)
 <LI><a href="#[3e]">UART5_IRQHandler</a> from startup_stm32h743xx.o(.text) referenced from startup_stm32h743xx.o(RESET)
 <LI><a href="#[56]">UART7_IRQHandler</a> from startup_stm32h743xx.o(.text) referenced from startup_stm32h743xx.o(RESET)
 <LI><a href="#[57]">UART8_IRQHandler</a> from startup_stm32h743xx.o(.text) referenced from startup_stm32h743xx.o(RESET)
 <LI><a href="#[2f]">USART1_IRQHandler</a> from startup_stm32h743xx.o(.text) referenced from startup_stm32h743xx.o(RESET)
 <LI><a href="#[30]">USART2_IRQHandler</a> from startup_stm32h743xx.o(.text) referenced from startup_stm32h743xx.o(RESET)
 <LI><a href="#[31]">USART3_IRQHandler</a> from startup_stm32h743xx.o(.text) referenced from startup_stm32h743xx.o(RESET)
 <LI><a href="#[4c]">USART6_IRQHandler</a> from startup_stm32h743xx.o(.text) referenced from startup_stm32h743xx.o(RESET)
 <LI><a href="#[5]">UsageFault_Handler</a> from lto-llvm-f34deb.o(.text.UsageFault_Handler) referenced from startup_stm32h743xx.o(RESET)
 <LI><a href="#[94]">WAKEUP_PIN_IRQHandler</a> from startup_stm32h743xx.o(.text) referenced from startup_stm32h743xx.o(RESET)
 <LI><a href="#[a]">WWDG_IRQHandler</a> from startup_stm32h743xx.o(.text) referenced from startup_stm32h743xx.o(RESET)
 <LI><a href="#[96]">__main</a> from __main.o(!!!main) referenced from startup_stm32h743xx.o(.text)
 <LI><a href="#[db]">_lv_disp_refr_timer</a> from lto-llvm-f34deb.o(.text._lv_disp_refr_timer) referenced 2 times from lto-llvm-f34deb.o(.text.main)
 <LI><a href="#[bd]">_lv_ll_get_head</a> from lto-llvm-f34deb.o(.text._lv_ll_get_head) referenced 2 times from lto-llvm-f34deb.o(.text.lv_group_focus_next)
 <LI><a href="#[bd]">_lv_ll_get_head</a> from lto-llvm-f34deb.o(.text._lv_ll_get_head) referenced 4 times from lto-llvm-f34deb.o(.text.lv_indev_read_timer_cb)
 <LI><a href="#[bd]">_lv_ll_get_head</a> from lto-llvm-f34deb.o(.text._lv_ll_get_head) referenced 2 times from lto-llvm-f34deb.o(.text.lv_obj_add_flag)
 <LI><a href="#[bd]">_lv_ll_get_head</a> from lto-llvm-f34deb.o(.text._lv_ll_get_head) referenced 2 times from lto-llvm-f34deb.o(.text.lv_obj_destructor)
 <LI><a href="#[be]">_lv_ll_get_next</a> from lto-llvm-f34deb.o(.text._lv_ll_get_next) referenced 2 times from lto-llvm-f34deb.o(.text.lv_group_focus_next)
 <LI><a href="#[be]">_lv_ll_get_next</a> from lto-llvm-f34deb.o(.text._lv_ll_get_next) referenced 4 times from lto-llvm-f34deb.o(.text.lv_indev_read_timer_cb)
 <LI><a href="#[be]">_lv_ll_get_next</a> from lto-llvm-f34deb.o(.text._lv_ll_get_next) referenced 2 times from lto-llvm-f34deb.o(.text.lv_obj_add_flag)
 <LI><a href="#[be]">_lv_ll_get_next</a> from lto-llvm-f34deb.o(.text._lv_ll_get_next) referenced 2 times from lto-llvm-f34deb.o(.text.lv_obj_destructor)
 <LI><a href="#[c0]">_lv_ll_get_prev</a> from lto-llvm-f34deb.o(.text._lv_ll_get_prev) referenced 2 times from lto-llvm-f34deb.o(.text.lv_group_focus_prev)
 <LI><a href="#[c0]">_lv_ll_get_prev</a> from lto-llvm-f34deb.o(.text._lv_ll_get_prev) referenced 4 times from lto-llvm-f34deb.o(.text.lv_indev_read_timer_cb)
 <LI><a href="#[c0]">_lv_ll_get_prev</a> from lto-llvm-f34deb.o(.text._lv_ll_get_prev) referenced 2 times from lto-llvm-f34deb.o(.text.lv_obj_destructor)
 <LI><a href="#[bf]">_lv_ll_get_tail</a> from lto-llvm-f34deb.o(.text._lv_ll_get_tail) referenced 2 times from lto-llvm-f34deb.o(.text.lv_group_focus_prev)
 <LI><a href="#[bf]">_lv_ll_get_tail</a> from lto-llvm-f34deb.o(.text._lv_ll_get_tail) referenced 4 times from lto-llvm-f34deb.o(.text.lv_indev_read_timer_cb)
 <LI><a href="#[bf]">_lv_ll_get_tail</a> from lto-llvm-f34deb.o(.text._lv_ll_get_tail) referenced 2 times from lto-llvm-f34deb.o(.text.lv_obj_destructor)
 <LI><a href="#[c4]">_out_buffer</a> from lto-llvm-f34deb.o(.text._out_buffer) referenced 4 times from lto-llvm-f34deb.o(.text.lv_label_set_text_fmt)
 <LI><a href="#[c4]">_out_buffer</a> from lto-llvm-f34deb.o(.text._out_buffer) referenced 2 times from lto-llvm-f34deb.o(.text.lv_snprintf)
 <LI><a href="#[9a]">_out_null</a> from lto-llvm-f34deb.o(.text._out_null) referenced 2 times from lto-llvm-f34deb.o(.text._vsnprintf)
 <LI><a href="#[98]">_printf_input_char</a> from _printf_char_common.o(.text) referenced from _printf_char_common.o(.text)
 <LI><a href="#[97]">_sputc</a> from _sputc.o(.text) referenced from noretval__2sprintf.o(.text)
 <LI><a href="#[da]">anim_timer</a> from lto-llvm-f34deb.o(.text.anim_timer) referenced 2 times from lto-llvm-f34deb.o(.text.main)
 <LI><a href="#[cf]">arc_anim_end_angle</a> from lto-llvm-f34deb.o(.text.arc_anim_end_angle) referenced 2 times from lto-llvm-f34deb.o(.text.lv_spinner_constructor)
 <LI><a href="#[d1]">arc_anim_start_angle</a> from lto-llvm-f34deb.o(.text.arc_anim_start_angle) referenced 2 times from lto-llvm-f34deb.o(.text.lv_spinner_constructor)
 <LI><a href="#[d4]">btns_value_changed_event_cb</a> from lto-llvm-f34deb.o(.text.btns_value_changed_event_cb) referenced 2 times from lto-llvm-f34deb.o(.text.lv_tabview_constructor)
 <LI><a href="#[109]">color_blend_true_color_additive</a> from lto-llvm-f34deb.o(.text.color_blend_true_color_additive) referenced from lto-llvm-f34deb.o(.rodata)
 <LI><a href="#[10b]">color_blend_true_color_multiply</a> from lto-llvm-f34deb.o(.text.color_blend_true_color_multiply) referenced from lto-llvm-f34deb.o(.rodata)
 <LI><a href="#[10a]">color_blend_true_color_subtractive</a> from lto-llvm-f34deb.o(.text.color_blend_true_color_subtractive) referenced from lto-llvm-f34deb.o(.rodata)
 <LI><a href="#[d5]">cont_scroll_end_event_cb</a> from lto-llvm-f34deb.o(.text.cont_scroll_end_event_cb) referenced 2 times from lto-llvm-f34deb.o(.text.lv_tabview_constructor)
 <LI><a href="#[a3]">cursor_blink_anim_cb</a> from lto-llvm-f34deb.o(.text.cursor_blink_anim_cb) referenced 4 times from lto-llvm-f34deb.o(.text.label_event_cb)
 <LI><a href="#[a3]">cursor_blink_anim_cb</a> from lto-llvm-f34deb.o(.text.cursor_blink_anim_cb) referenced 4 times from lto-llvm-f34deb.o(.text.lv_textarea_constructor)
 <LI><a href="#[a3]">cursor_blink_anim_cb</a> from lto-llvm-f34deb.o(.text.cursor_blink_anim_cb) referenced 4 times from lto-llvm-f34deb.o(.text.lv_textarea_event)
 <LI><a href="#[a3]">cursor_blink_anim_cb</a> from lto-llvm-f34deb.o(.text.cursor_blink_anim_cb) referenced 4 times from lto-llvm-f34deb.o(.text.lv_textarea_set_cursor_pos)
 <LI><a href="#[102]">dark_color_filter_cb</a> from lto-llvm-f34deb.o(.text.dark_color_filter_cb) referenced 2 times from lto-llvm-f34deb.o(.text.style_init)
 <LI><a href="#[d9]">disp_flush</a> from lto-llvm-f34deb.o(.text.disp_flush) referenced 2 times from lto-llvm-f34deb.o(.text.main)
 <LI><a href="#[aa]">draw_part_begin_event_cb</a> from lto-llvm-f34deb.o(.text.draw_part_begin_event_cb) referenced 2 times from lto-llvm-f34deb.o(.text.lv_calendar_constructor)
 <LI><a href="#[e0]">flex_update</a> from lto-llvm-f34deb.o(.text.flex_update) referenced 2 times from lto-llvm-f34deb.o(.text.main)
 <LI><a href="#[99]">fputc</a> from lto-llvm-f34deb.o(.text.fputc) referenced from _printf_char_file.o(.text)
 <LI><a href="#[103]">grey_filter_cb</a> from lto-llvm-f34deb.o(.text.grey_filter_cb) referenced 2 times from lto-llvm-f34deb.o(.text.style_init)
 <LI><a href="#[e1]">grid_update</a> from lto-llvm-f34deb.o(.text.grid_update) referenced 2 times from lto-llvm-f34deb.o(.text.main)
 <LI><a href="#[d6]">label_event_cb</a> from lto-llvm-f34deb.o(.text.label_event_cb) referenced 2 times from lto-llvm-f34deb.o(.text.lv_textarea_constructor)
 <LI><a href="#[e5]">linear_control_next</a> from lto-llvm-f34deb.o(.text.linear_control_next) referenced 2 times from lto-llvm-f34deb.o(.text.main)
 <LI><a href="#[e6]">linear_control_start</a> from lto-llvm-f34deb.o(.text.linear_control_start) referenced 2 times from lto-llvm-f34deb.o(.text.main)
 <LI><a href="#[104]">lv_anim_path_bounce</a> from lto-llvm-f34deb.o(.text.lv_anim_path_bounce) referenced 2 times from lto-llvm-f34deb.o(.text.ui_move_animation)
 <LI><a href="#[104]">lv_anim_path_bounce</a> from lto-llvm-f34deb.o(.text.lv_anim_path_bounce) referenced 2 times from lto-llvm-f34deb.o(.text.ui_scale_animation)
 <LI><a href="#[d0]">lv_anim_path_ease_in_out</a> from lto-llvm-f34deb.o(.text.lv_anim_path_ease_in_out) referenced 2 times from lto-llvm-f34deb.o(.text.lv_spinner_constructor)
 <LI><a href="#[c7]">lv_anim_path_ease_out</a> from lto-llvm-f34deb.o(.text.lv_anim_path_ease_out) referenced 2 times from lto-llvm-f34deb.o(.text.lv_obj_scroll_by)
 <LI><a href="#[c7]">lv_anim_path_ease_out</a> from lto-llvm-f34deb.o(.text.lv_anim_path_ease_out) referenced 2 times from lto-llvm-f34deb.o(.text.refr_position)
 <LI><a href="#[a5]">lv_anim_path_linear</a> from lto-llvm-f34deb.o(.text.lv_anim_path_linear) referenced 2 times from lto-llvm-f34deb.o(.text.lv_anim_init)
 <LI><a href="#[a5]">lv_anim_path_linear</a> from lto-llvm-f34deb.o(.text.lv_anim_path_linear) referenced 2 times from lto-llvm-f34deb.o(.text.lv_bar_set_value_with_anim)
 <LI><a href="#[a5]">lv_anim_path_linear</a> from lto-llvm-f34deb.o(.text.lv_anim_path_linear) referenced 4 times from lto-llvm-f34deb.o(.text.lv_label_refr_text)
 <LI><a href="#[a5]">lv_anim_path_linear</a> from lto-llvm-f34deb.o(.text.lv_anim_path_linear) referenced 2 times from lto-llvm-f34deb.o(.text.lv_obj_scroll_by)
 <LI><a href="#[a5]">lv_anim_path_linear</a> from lto-llvm-f34deb.o(.text.lv_anim_path_linear) referenced 2 times from lto-llvm-f34deb.o(.text.lv_spinner_constructor)
 <LI><a href="#[a5]">lv_anim_path_linear</a> from lto-llvm-f34deb.o(.text.lv_anim_path_linear) referenced 2 times from lto-llvm-f34deb.o(.text.lv_switch_event)
 <LI><a href="#[a5]">lv_anim_path_linear</a> from lto-llvm-f34deb.o(.text.lv_anim_path_linear) referenced 2 times from lto-llvm-f34deb.o(.text.style_init)
 <LI><a href="#[a4]">lv_anim_path_step</a> from lto-llvm-f34deb.o(.text.lv_anim_path_step) referenced 2 times from lto-llvm-f34deb.o(.text.label_event_cb)
 <LI><a href="#[a4]">lv_anim_path_step</a> from lto-llvm-f34deb.o(.text.lv_anim_path_step) referenced 2 times from lto-llvm-f34deb.o(.text.lv_spinbox_updatevalue)
 <LI><a href="#[a4]">lv_anim_path_step</a> from lto-llvm-f34deb.o(.text.lv_anim_path_step) referenced 2 times from lto-llvm-f34deb.o(.text.lv_textarea_add_char)
 <LI><a href="#[a4]">lv_anim_path_step</a> from lto-llvm-f34deb.o(.text.lv_anim_path_step) referenced 2 times from lto-llvm-f34deb.o(.text.lv_textarea_add_text)
 <LI><a href="#[a4]">lv_anim_path_step</a> from lto-llvm-f34deb.o(.text.lv_anim_path_step) referenced 2 times from lto-llvm-f34deb.o(.text.lv_textarea_constructor)
 <LI><a href="#[a4]">lv_anim_path_step</a> from lto-llvm-f34deb.o(.text.lv_anim_path_step) referenced 2 times from lto-llvm-f34deb.o(.text.lv_textarea_event)
 <LI><a href="#[a4]">lv_anim_path_step</a> from lto-llvm-f34deb.o(.text.lv_anim_path_step) referenced 2 times from lto-llvm-f34deb.o(.text.lv_textarea_set_cursor_pos)
 <LI><a href="#[12b]">lv_arc_constructor</a> from lto-llvm-f34deb.o(.text.lv_arc_constructor) referenced from lto-llvm-f34deb.o(.rodata)
 <LI><a href="#[12c]">lv_arc_event</a> from lto-llvm-f34deb.o(.text.lv_arc_event) referenced from lto-llvm-f34deb.o(.rodata)
 <LI><a href="#[9e]">lv_area_get_height</a> from lto-llvm-f34deb.o(.text.lv_area_get_height) referenced 2 times from lto-llvm-f34deb.o(.text.children_repos)
 <LI><a href="#[a7]">lv_area_get_height.965</a> from lto-llvm-f34deb.o(.text.lv_area_get_height.965) referenced 4 times from lto-llvm-f34deb.o(.text.lv_bar_event)
 <LI><a href="#[9d]">lv_area_get_width</a> from lto-llvm-f34deb.o(.text.lv_area_get_width) referenced 2 times from lto-llvm-f34deb.o(.text.children_repos)
 <LI><a href="#[a6]">lv_area_get_width.964</a> from lto-llvm-f34deb.o(.text.lv_area_get_width.964) referenced 4 times from lto-llvm-f34deb.o(.text.lv_bar_event)
 <LI><a href="#[9b]">lv_area_set_height</a> from lto-llvm-f34deb.o(.text.lv_area_set_height) referenced 2 times from lto-llvm-f34deb.o(.text.children_repos)
 <LI><a href="#[9c]">lv_area_set_width</a> from lto-llvm-f34deb.o(.text.lv_area_set_width) referenced 2 times from lto-llvm-f34deb.o(.text.children_repos)
 <LI><a href="#[a8]">lv_bar_anim</a> from lto-llvm-f34deb.o(.text.lv_bar_anim) referenced 2 times from lto-llvm-f34deb.o(.text.lv_bar_set_value_with_anim)
 <LI><a href="#[a9]">lv_bar_anim_ready</a> from lto-llvm-f34deb.o(.text.lv_bar_anim_ready) referenced 2 times from lto-llvm-f34deb.o(.text.lv_bar_set_value_with_anim)
 <LI><a href="#[145]">lv_bar_constructor</a> from lto-llvm-f34deb.o(.text.lv_bar_constructor) referenced from lto-llvm-f34deb.o(.rodata)
 <LI><a href="#[146]">lv_bar_destructor</a> from lto-llvm-f34deb.o(.text.lv_bar_destructor) referenced from lto-llvm-f34deb.o(.rodata)
 <LI><a href="#[147]">lv_bar_event</a> from lto-llvm-f34deb.o(.text.lv_bar_event) referenced from lto-llvm-f34deb.o(.rodata)
 <LI><a href="#[12d]">lv_btn_constructor</a> from lto-llvm-f34deb.o(.text.lv_btn_constructor) referenced from lto-llvm-f34deb.o(.rodata)
 <LI><a href="#[12e]">lv_btnmatrix_constructor</a> from lto-llvm-f34deb.o(.text.lv_btnmatrix_constructor) referenced from lto-llvm-f34deb.o(.rodata)
 <LI><a href="#[12f]">lv_btnmatrix_destructor</a> from lto-llvm-f34deb.o(.text.lv_btnmatrix_destructor) referenced from lto-llvm-f34deb.o(.rodata)
 <LI><a href="#[130]">lv_btnmatrix_event</a> from lto-llvm-f34deb.o(.text.lv_btnmatrix_event) referenced from lto-llvm-f34deb.o(.rodata)
 <LI><a href="#[10c]">lv_calendar_constructor</a> from lto-llvm-f34deb.o(.text.lv_calendar_constructor) referenced from lto-llvm-f34deb.o(.rodata)
 <LI><a href="#[10f]">lv_chart_constructor</a> from lto-llvm-f34deb.o(.text.lv_chart_constructor) referenced from lto-llvm-f34deb.o(.rodata)
 <LI><a href="#[110]">lv_chart_destructor</a> from lto-llvm-f34deb.o(.text.lv_chart_destructor) referenced from lto-llvm-f34deb.o(.rodata)
 <LI><a href="#[111]">lv_chart_event</a> from lto-llvm-f34deb.o(.text.lv_chart_event) referenced from lto-llvm-f34deb.o(.rodata)
 <LI><a href="#[131]">lv_checkbox_constructor</a> from lto-llvm-f34deb.o(.text.lv_checkbox_constructor) referenced from lto-llvm-f34deb.o(.rodata)
 <LI><a href="#[132]">lv_checkbox_destructor</a> from lto-llvm-f34deb.o(.text.lv_checkbox_destructor) referenced from lto-llvm-f34deb.o(.rodata)
 <LI><a href="#[133]">lv_checkbox_event</a> from lto-llvm-f34deb.o(.text.lv_checkbox_event) referenced from lto-llvm-f34deb.o(.rodata)
 <LI><a href="#[112]">lv_colorwheel_constructor</a> from lto-llvm-f34deb.o(.text.lv_colorwheel_constructor) referenced from lto-llvm-f34deb.o(.rodata)
 <LI><a href="#[113]">lv_colorwheel_event</a> from lto-llvm-f34deb.o(.text.lv_colorwheel_event) referenced from lto-llvm-f34deb.o(.rodata)
 <LI><a href="#[ad]">lv_draw_mask_angle</a> from lto-llvm-f34deb.o(.text.lv_draw_mask_angle) referenced 2 times from lto-llvm-f34deb.o(.text.lv_draw_sw_arc)
 <LI><a href="#[ab]">lv_draw_mask_line</a> from lto-llvm-f34deb.o(.text.lv_draw_mask_line) referenced 2 times from lto-llvm-f34deb.o(.text.lv_draw_mask_line_points_init)
 <LI><a href="#[ac]">lv_draw_mask_radius</a> from lto-llvm-f34deb.o(.text.lv_draw_mask_radius) referenced 2 times from lto-llvm-f34deb.o(.text.lv_draw_mask_radius_init)
 <LI><a href="#[af]">lv_draw_sw_arc</a> from lto-llvm-f34deb.o(.text.lv_draw_sw_arc) referenced 2 times from lto-llvm-f34deb.o(.text.lv_draw_sw_init_ctx)
 <LI><a href="#[b5]">lv_draw_sw_bg</a> from lto-llvm-f34deb.o(.text.lv_draw_sw_bg) referenced 2 times from lto-llvm-f34deb.o(.text.lv_draw_sw_init_ctx)
 <LI><a href="#[b9]">lv_draw_sw_blend_basic</a> from lto-llvm-f34deb.o(.text.lv_draw_sw_blend_basic) referenced 2 times from lto-llvm-f34deb.o(.text.lv_draw_sw_init_ctx)
 <LI><a href="#[b7]">lv_draw_sw_buffer_copy</a> from lto-llvm-f34deb.o(.text.lv_draw_sw_buffer_copy) referenced 2 times from lto-llvm-f34deb.o(.text.lv_draw_sw_init_ctx)
 <LI><a href="#[b0]">lv_draw_sw_img_decoded</a> from lto-llvm-f34deb.o(.text.lv_draw_sw_img_decoded) referenced 2 times from lto-llvm-f34deb.o(.text.lv_draw_sw_init_ctx)
 <LI><a href="#[d8]">lv_draw_sw_init_ctx</a> from lto-llvm-f34deb.o(.text.lv_draw_sw_init_ctx) referenced 2 times from lto-llvm-f34deb.o(.text.main)
 <LI><a href="#[ba]">lv_draw_sw_layer_adjust</a> from lto-llvm-f34deb.o(.text.lv_draw_sw_layer_adjust) referenced 2 times from lto-llvm-f34deb.o(.text.lv_draw_sw_init_ctx)
 <LI><a href="#[bb]">lv_draw_sw_layer_blend</a> from lto-llvm-f34deb.o(.text.lv_draw_sw_layer_blend) referenced 2 times from lto-llvm-f34deb.o(.text.lv_draw_sw_init_ctx)
 <LI><a href="#[b8]">lv_draw_sw_layer_create</a> from lto-llvm-f34deb.o(.text.lv_draw_sw_layer_create) referenced 2 times from lto-llvm-f34deb.o(.text.lv_draw_sw_init_ctx)
 <LI><a href="#[bc]">lv_draw_sw_layer_destroy</a> from lto-llvm-f34deb.o(.text.lv_draw_sw_layer_destroy) referenced 2 times from lto-llvm-f34deb.o(.text.lv_draw_sw_init_ctx)
 <LI><a href="#[b1]">lv_draw_sw_letter</a> from lto-llvm-f34deb.o(.text.lv_draw_sw_letter) referenced 2 times from lto-llvm-f34deb.o(.text.lv_draw_sw_init_ctx)
 <LI><a href="#[b2]">lv_draw_sw_line</a> from lto-llvm-f34deb.o(.text.lv_draw_sw_line) referenced 2 times from lto-llvm-f34deb.o(.text.lv_draw_sw_init_ctx)
 <LI><a href="#[b3]">lv_draw_sw_polygon</a> from lto-llvm-f34deb.o(.text.lv_draw_sw_polygon) referenced 2 times from lto-llvm-f34deb.o(.text.lv_draw_sw_init_ctx)
 <LI><a href="#[ae]">lv_draw_sw_rect</a> from lto-llvm-f34deb.o(.text.lv_draw_sw_rect) referenced 2 times from lto-llvm-f34deb.o(.text.lv_draw_sw_init_ctx)
 <LI><a href="#[b4]">lv_draw_sw_transform</a> from lto-llvm-f34deb.o(.text.lv_draw_sw_transform) referenced 2 times from lto-llvm-f34deb.o(.text.lv_draw_sw_init_ctx)
 <LI><a href="#[b6]">lv_draw_sw_wait_for_finish</a> from lto-llvm-f34deb.o(.text.lv_draw_sw_wait_for_finish) referenced 2 times from lto-llvm-f34deb.o(.text.lv_draw_sw_init_ctx)
 <LI><a href="#[134]">lv_dropdown_constructor</a> from lto-llvm-f34deb.o(.text.lv_dropdown_constructor) referenced from lto-llvm-f34deb.o(.rodata)
 <LI><a href="#[135]">lv_dropdown_destructor</a> from lto-llvm-f34deb.o(.text.lv_dropdown_destructor) referenced from lto-llvm-f34deb.o(.rodata)
 <LI><a href="#[136]">lv_dropdown_event</a> from lto-llvm-f34deb.o(.text.lv_dropdown_event) referenced from lto-llvm-f34deb.o(.rodata)
 <LI><a href="#[139]">lv_dropdown_list_event</a> from lto-llvm-f34deb.o(.text.lv_dropdown_list_event) referenced from lto-llvm-f34deb.o(.rodata)
 <LI><a href="#[137]">lv_dropdownlist_constructor</a> from lto-llvm-f34deb.o(.text.lv_dropdownlist_constructor) referenced from lto-llvm-f34deb.o(.rodata)
 <LI><a href="#[138]">lv_dropdownlist_destructor</a> from lto-llvm-f34deb.o(.text.lv_dropdownlist_destructor) referenced from lto-llvm-f34deb.o(.rodata)
 <LI><a href="#[12a]">lv_font_get_bitmap_fmt_txt</a> from lto-llvm-f34deb.o(.text.lv_font_get_bitmap_fmt_txt) referenced 5 times from lto-llvm-f34deb.o(.rodata)
 <LI><a href="#[129]">lv_font_get_glyph_dsc_fmt_txt</a> from lto-llvm-f34deb.o(.text.lv_font_get_glyph_dsc_fmt_txt) referenced 5 times from lto-llvm-f34deb.o(.rodata)
 <LI><a href="#[13a]">lv_img_constructor</a> from lto-llvm-f34deb.o(.text.lv_img_constructor) referenced from lto-llvm-f34deb.o(.rodata)
 <LI><a href="#[df]">lv_img_decoder_built_in_close</a> from lto-llvm-f34deb.o(.text.lv_img_decoder_built_in_close) referenced 2 times from lto-llvm-f34deb.o(.text.main)
 <LI><a href="#[dc]">lv_img_decoder_built_in_info</a> from lto-llvm-f34deb.o(.text.lv_img_decoder_built_in_info) referenced 2 times from lto-llvm-f34deb.o(.text.main)
 <LI><a href="#[dd]">lv_img_decoder_built_in_open</a> from lto-llvm-f34deb.o(.text.lv_img_decoder_built_in_open) referenced 2 times from lto-llvm-f34deb.o(.text.main)
 <LI><a href="#[de]">lv_img_decoder_built_in_read_line</a> from lto-llvm-f34deb.o(.text.lv_img_decoder_built_in_read_line) referenced 2 times from lto-llvm-f34deb.o(.text.main)
 <LI><a href="#[13b]">lv_img_destructor</a> from lto-llvm-f34deb.o(.text.lv_img_destructor) referenced from lto-llvm-f34deb.o(.rodata)
 <LI><a href="#[13c]">lv_img_event</a> from lto-llvm-f34deb.o(.text.lv_img_event) referenced from lto-llvm-f34deb.o(.rodata)
 <LI><a href="#[e4]">lv_indev_read_timer_cb</a> from lto-llvm-f34deb.o(.text.lv_indev_read_timer_cb) referenced 2 times from lto-llvm-f34deb.o(.text.main)
 <LI><a href="#[114]">lv_keyboard_constructor</a> from lto-llvm-f34deb.o(.text.lv_keyboard_constructor) referenced from lto-llvm-f34deb.o(.rodata)
 <LI><a href="#[c1]">lv_keyboard_def_event_cb</a> from lto-llvm-f34deb.o(.text.lv_keyboard_def_event_cb) referenced 2 times from lto-llvm-f34deb.o(.text.lv_keyboard_constructor)
 <LI><a href="#[141]">lv_label_constructor</a> from lto-llvm-f34deb.o(.text.lv_label_constructor) referenced from lto-llvm-f34deb.o(.rodata)
 <LI><a href="#[142]">lv_label_destructor</a> from lto-llvm-f34deb.o(.text.lv_label_destructor) referenced from lto-llvm-f34deb.o(.rodata)
 <LI><a href="#[143]">lv_label_event</a> from lto-llvm-f34deb.o(.text.lv_label_event) referenced from lto-llvm-f34deb.o(.rodata)
 <LI><a href="#[115]">lv_led_constructor</a> from lto-llvm-f34deb.o(.text.lv_led_constructor) referenced from lto-llvm-f34deb.o(.rodata)
 <LI><a href="#[116]">lv_led_event</a> from lto-llvm-f34deb.o(.text.lv_led_event) referenced from lto-llvm-f34deb.o(.rodata)
 <LI><a href="#[13d]">lv_line_constructor</a> from lto-llvm-f34deb.o(.text.lv_line_constructor) referenced from lto-llvm-f34deb.o(.rodata)
 <LI><a href="#[13e]">lv_line_event</a> from lto-llvm-f34deb.o(.text.lv_line_event) referenced from lto-llvm-f34deb.o(.rodata)
 <LI><a href="#[c5]">lv_menu_back_event_cb</a> from lto-llvm-f34deb.o(.text.lv_menu_back_event_cb) referenced 2 times from lto-llvm-f34deb.o(.text.lv_menu_constructor)
 <LI><a href="#[117]">lv_menu_constructor</a> from lto-llvm-f34deb.o(.text.lv_menu_constructor) referenced from lto-llvm-f34deb.o(.rodata)
 <LI><a href="#[11b]">lv_menu_cont_constructor</a> from lto-llvm-f34deb.o(.text.lv_menu_cont_constructor) referenced from lto-llvm-f34deb.o(.rodata)
 <LI><a href="#[118]">lv_menu_destructor</a> from lto-llvm-f34deb.o(.text.lv_menu_destructor) referenced from lto-llvm-f34deb.o(.rodata)
 <LI><a href="#[119]">lv_menu_page_constructor</a> from lto-llvm-f34deb.o(.text.lv_menu_page_constructor) referenced from lto-llvm-f34deb.o(.rodata)
 <LI><a href="#[11a]">lv_menu_page_destructor</a> from lto-llvm-f34deb.o(.text.lv_menu_page_destructor) referenced from lto-llvm-f34deb.o(.rodata)
 <LI><a href="#[11c]">lv_menu_section_constructor</a> from lto-llvm-f34deb.o(.text.lv_menu_section_constructor) referenced from lto-llvm-f34deb.o(.rodata)
 <LI><a href="#[c6]">lv_menu_value_changed_event_cb</a> from lto-llvm-f34deb.o(.text.lv_menu_value_changed_event_cb) referenced 2 times from lto-llvm-f34deb.o(.text.lv_menu_constructor)
 <LI><a href="#[11d]">lv_meter_constructor</a> from lto-llvm-f34deb.o(.text.lv_meter_constructor) referenced from lto-llvm-f34deb.o(.rodata)
 <LI><a href="#[11e]">lv_meter_destructor</a> from lto-llvm-f34deb.o(.text.lv_meter_destructor) referenced from lto-llvm-f34deb.o(.rodata)
 <LI><a href="#[11f]">lv_meter_event</a> from lto-llvm-f34deb.o(.text.lv_meter_event) referenced from lto-llvm-f34deb.o(.rodata)
 <LI><a href="#[153]">lv_obj_constructor</a> from lto-llvm-f34deb.o(.text.lv_obj_constructor) referenced from lto-llvm-f34deb.o(.rodata)
 <LI><a href="#[154]">lv_obj_destructor</a> from lto-llvm-f34deb.o(.text.lv_obj_destructor) referenced from lto-llvm-f34deb.o(.rodata)
 <LI><a href="#[155]">lv_obj_event</a> from lto-llvm-f34deb.o(.text.lv_obj_event) referenced from lto-llvm-f34deb.o(.rodata)
 <LI><a href="#[a2]">lv_obj_get_height</a> from lto-llvm-f34deb.o(.text.lv_obj_get_height) referenced 2 times from lto-llvm-f34deb.o(.text.find_track_end)
 <LI><a href="#[a1]">lv_obj_get_width</a> from lto-llvm-f34deb.o(.text.lv_obj_get_width) referenced 2 times from lto-llvm-f34deb.o(.text.find_track_end)
 <LI><a href="#[108]">lv_obj_set_height</a> from lto-llvm-f34deb.o(.text.lv_obj_set_height) referenced 2 times from lto-llvm-f34deb.o(.text.ui_scale_animation)
 <LI><a href="#[107]">lv_obj_set_width</a> from lto-llvm-f34deb.o(.text.lv_obj_set_width) referenced 2 times from lto-llvm-f34deb.o(.text.ui_scale_animation)
 <LI><a href="#[105]">lv_obj_set_x</a> from lto-llvm-f34deb.o(.text.lv_obj_set_x) referenced 2 times from lto-llvm-f34deb.o(.text.ui_move_animation)
 <LI><a href="#[106]">lv_obj_set_y</a> from lto-llvm-f34deb.o(.text.lv_obj_set_y) referenced 2 times from lto-llvm-f34deb.o(.text.ui_move_animation)
 <LI><a href="#[13f]">lv_roller_constructor</a> from lto-llvm-f34deb.o(.text.lv_roller_constructor) referenced from lto-llvm-f34deb.o(.rodata)
 <LI><a href="#[140]">lv_roller_event</a> from lto-llvm-f34deb.o(.text.lv_roller_event) referenced from lto-llvm-f34deb.o(.rodata)
 <LI><a href="#[144]">lv_roller_label_event</a> from lto-llvm-f34deb.o(.text.lv_roller_label_event) referenced from lto-llvm-f34deb.o(.rodata)
 <LI><a href="#[148]">lv_slider_constructor</a> from lto-llvm-f34deb.o(.text.lv_slider_constructor) referenced from lto-llvm-f34deb.o(.rodata)
 <LI><a href="#[149]">lv_slider_event</a> from lto-llvm-f34deb.o(.text.lv_slider_event) referenced from lto-llvm-f34deb.o(.rodata)
 <LI><a href="#[120]">lv_spinbox_constructor</a> from lto-llvm-f34deb.o(.text.lv_spinbox_constructor) referenced from lto-llvm-f34deb.o(.rodata)
 <LI><a href="#[121]">lv_spinbox_event</a> from lto-llvm-f34deb.o(.text.lv_spinbox_event) referenced from lto-llvm-f34deb.o(.rodata)
 <LI><a href="#[122]">lv_spinner_constructor</a> from lto-llvm-f34deb.o(.text.lv_spinner_constructor) referenced from lto-llvm-f34deb.o(.rodata)
 <LI><a href="#[d2]">lv_switch_anim_exec_cb</a> from lto-llvm-f34deb.o(.text.lv_switch_anim_exec_cb) referenced 2 times from lto-llvm-f34deb.o(.text.lv_switch_event)
 <LI><a href="#[d3]">lv_switch_anim_ready</a> from lto-llvm-f34deb.o(.text.lv_switch_anim_ready) referenced 2 times from lto-llvm-f34deb.o(.text.lv_switch_event)
 <LI><a href="#[14a]">lv_switch_constructor</a> from lto-llvm-f34deb.o(.text.lv_switch_constructor) referenced from lto-llvm-f34deb.o(.rodata)
 <LI><a href="#[14b]">lv_switch_destructor</a> from lto-llvm-f34deb.o(.text.lv_switch_destructor) referenced from lto-llvm-f34deb.o(.rodata)
 <LI><a href="#[14c]">lv_switch_event</a> from lto-llvm-f34deb.o(.text.lv_switch_event) referenced from lto-llvm-f34deb.o(.rodata)
 <LI><a href="#[14d]">lv_table_constructor</a> from lto-llvm-f34deb.o(.text.lv_table_constructor) referenced from lto-llvm-f34deb.o(.rodata)
 <LI><a href="#[14e]">lv_table_destructor</a> from lto-llvm-f34deb.o(.text.lv_table_destructor) referenced from lto-llvm-f34deb.o(.rodata)
 <LI><a href="#[14f]">lv_table_event</a> from lto-llvm-f34deb.o(.text.lv_table_event) referenced from lto-llvm-f34deb.o(.rodata)
 <LI><a href="#[123]">lv_tabview_constructor</a> from lto-llvm-f34deb.o(.text.lv_tabview_constructor) referenced from lto-llvm-f34deb.o(.rodata)
 <LI><a href="#[124]">lv_tabview_destructor</a> from lto-llvm-f34deb.o(.text.lv_tabview_destructor) referenced from lto-llvm-f34deb.o(.rodata)
 <LI><a href="#[125]">lv_tabview_event</a> from lto-llvm-f34deb.o(.text.lv_tabview_event) referenced from lto-llvm-f34deb.o(.rodata)
 <LI><a href="#[150]">lv_textarea_constructor</a> from lto-llvm-f34deb.o(.text.lv_textarea_constructor) referenced from lto-llvm-f34deb.o(.rodata)
 <LI><a href="#[151]">lv_textarea_destructor</a> from lto-llvm-f34deb.o(.text.lv_textarea_destructor) referenced from lto-llvm-f34deb.o(.rodata)
 <LI><a href="#[152]">lv_textarea_event</a> from lto-llvm-f34deb.o(.text.lv_textarea_event) referenced from lto-llvm-f34deb.o(.rodata)
 <LI><a href="#[126]">lv_tileview_constructor</a> from lto-llvm-f34deb.o(.text.lv_tileview_constructor) referenced from lto-llvm-f34deb.o(.rodata)
 <LI><a href="#[127]">lv_tileview_tile_constructor</a> from lto-llvm-f34deb.o(.text.lv_tileview_tile_constructor) referenced from lto-llvm-f34deb.o(.rodata)
 <LI><a href="#[128]">lv_win_constructor</a> from lto-llvm-f34deb.o(.text.lv_win_constructor) referenced from lto-llvm-f34deb.o(.rodata)
 <LI><a href="#[ed]">month_event_cb</a> from lto-llvm-f34deb.o(.text.month_event_cb) referenced 2 times from lto-llvm-f34deb.o(.text.my_constructor)
 <LI><a href="#[f0]">month_event_cb.472</a> from lto-llvm-f34deb.o(.text.month_event_cb.472) referenced 2 times from lto-llvm-f34deb.o(.text.my_constructor.469)
 <LI><a href="#[10d]">my_constructor</a> from lto-llvm-f34deb.o(.text.my_constructor) referenced from lto-llvm-f34deb.o(.rodata)
 <LI><a href="#[10e]">my_constructor.469</a> from lto-llvm-f34deb.o(.text.my_constructor.469) referenced from lto-llvm-f34deb.o(.rodata)
 <LI><a href="#[cd]">pwd_char_hider_anim</a> from lto-llvm-f34deb.o(.text.pwd_char_hider_anim) referenced 2 times from lto-llvm-f34deb.o(.text.lv_spinbox_updatevalue)
 <LI><a href="#[cd]">pwd_char_hider_anim</a> from lto-llvm-f34deb.o(.text.pwd_char_hider_anim) referenced 2 times from lto-llvm-f34deb.o(.text.lv_textarea_add_char)
 <LI><a href="#[cd]">pwd_char_hider_anim</a> from lto-llvm-f34deb.o(.text.pwd_char_hider_anim) referenced 2 times from lto-llvm-f34deb.o(.text.lv_textarea_add_text)
 <LI><a href="#[ce]">pwd_char_hider_anim_ready</a> from lto-llvm-f34deb.o(.text.pwd_char_hider_anim_ready) referenced 2 times from lto-llvm-f34deb.o(.text.lv_spinbox_updatevalue)
 <LI><a href="#[ce]">pwd_char_hider_anim_ready</a> from lto-llvm-f34deb.o(.text.pwd_char_hider_anim_ready) referenced 2 times from lto-llvm-f34deb.o(.text.lv_textarea_add_char)
 <LI><a href="#[ce]">pwd_char_hider_anim_ready</a> from lto-llvm-f34deb.o(.text.pwd_char_hider_anim_ready) referenced 2 times from lto-llvm-f34deb.o(.text.lv_textarea_add_text)
 <LI><a href="#[101]">screen_btn_1_event_handler</a> from lto-llvm-f34deb.o(.text.screen_btn_1_event_handler) referenced 2 times from lto-llvm-f34deb.o(.text.setup_scr_screen)
 <LI><a href="#[f5]">screen_btn_demo_linear_event_handler</a> from lto-llvm-f34deb.o(.text.screen_btn_demo_linear_event_handler) referenced 2 times from lto-llvm-f34deb.o(.text.setup_scr_screen)
 <LI><a href="#[f6]">screen_btn_demo_nonlinear_event_handler</a> from lto-llvm-f34deb.o(.text.screen_btn_demo_nonlinear_event_handler) referenced 2 times from lto-llvm-f34deb.o(.text.setup_scr_screen)
 <LI><a href="#[f4]">screen_btn_hand_set_event_handler</a> from lto-llvm-f34deb.o(.text.screen_btn_hand_set_event_handler) referenced 2 times from lto-llvm-f34deb.o(.text.setup_scr_screen)
 <LI><a href="#[fc]">screen_btnm_x_pic_event_handler</a> from lto-llvm-f34deb.o(.text.screen_btnm_x_pic_event_handler) referenced 2 times from lto-llvm-f34deb.o(.text.setup_scr_screen)
 <LI><a href="#[fd]">screen_btnm_y_pic_event_handler</a> from lto-llvm-f34deb.o(.text.screen_btnm_y_pic_event_handler) referenced 2 times from lto-llvm-f34deb.o(.text.setup_scr_screen)
 <LI><a href="#[ff]">screen_ddlist_algorithm_event_handler</a> from lto-llvm-f34deb.o(.text.screen_ddlist_algorithm_event_handler) referenced 2 times from lto-llvm-f34deb.o(.text.setup_scr_screen)
 <LI><a href="#[fa]">screen_ddlist_max_event_handler</a> from lto-llvm-f34deb.o(.text.screen_ddlist_max_event_handler) referenced 2 times from lto-llvm-f34deb.o(.text.setup_scr_screen)
 <LI><a href="#[f9]">screen_ddlist_min_event_handler</a> from lto-llvm-f34deb.o(.text.screen_ddlist_min_event_handler) referenced 2 times from lto-llvm-f34deb.o(.text.setup_scr_screen)
 <LI><a href="#[f7]">screen_ddlist_nonlinear_event_handler</a> from lto-llvm-f34deb.o(.text.screen_ddlist_nonlinear_event_handler) referenced 2 times from lto-llvm-f34deb.o(.text.setup_scr_screen)
 <LI><a href="#[fe]">screen_ddlist_vid_format_event_handler</a> from lto-llvm-f34deb.o(.text.screen_ddlist_vid_format_event_handler) referenced 2 times from lto-llvm-f34deb.o(.text.setup_scr_screen)
 <LI><a href="#[f8]">screen_img_1_event_handler</a> from lto-llvm-f34deb.o(.text.screen_img_1_event_handler) referenced 2 times from lto-llvm-f34deb.o(.text.setup_scr_screen)
 <LI><a href="#[100]">screen_slider_a_event_handler</a> from lto-llvm-f34deb.o(.text.screen_slider_a_event_handler) referenced 2 times from lto-llvm-f34deb.o(.text.setup_scr_screen)
 <LI><a href="#[f3]">screen_slider_x_pix_event_handler</a> from lto-llvm-f34deb.o(.text.screen_slider_x_pix_event_handler) referenced 2 times from lto-llvm-f34deb.o(.text.setup_scr_screen)
 <LI><a href="#[fb]">screen_slider_y_pix_event_handler</a> from lto-llvm-f34deb.o(.text.screen_slider_y_pix_event_handler) referenced 2 times from lto-llvm-f34deb.o(.text.setup_scr_screen)
 <LI><a href="#[c8]">scroll_anim_ready_cb</a> from lto-llvm-f34deb.o(.text.scroll_anim_ready_cb) referenced 2 times from lto-llvm-f34deb.o(.text.lv_obj_scroll_by)
 <LI><a href="#[f2]">scroll_anim_ready_cb.1065</a> from lto-llvm-f34deb.o(.text.scroll_anim_ready_cb.1065) referenced 2 times from lto-llvm-f34deb.o(.text.refr_position)
 <LI><a href="#[9f]">scroll_x_anim</a> from lto-llvm-f34deb.o(.text.scroll_x_anim) referenced 2 times from lto-llvm-f34deb.o(.text.cont_scroll_end_event_cb)
 <LI><a href="#[9f]">scroll_x_anim</a> from lto-llvm-f34deb.o(.text.scroll_x_anim) referenced 2 times from lto-llvm-f34deb.o(.text.lv_obj_event)
 <LI><a href="#[9f]">scroll_x_anim</a> from lto-llvm-f34deb.o(.text.scroll_x_anim) referenced 4 times from lto-llvm-f34deb.o(.text.lv_obj_refr_size)
 <LI><a href="#[9f]">scroll_x_anim</a> from lto-llvm-f34deb.o(.text.scroll_x_anim) referenced 4 times from lto-llvm-f34deb.o(.text.lv_obj_scroll_by)
 <LI><a href="#[9f]">scroll_x_anim</a> from lto-llvm-f34deb.o(.text.scroll_x_anim) referenced 2 times from lto-llvm-f34deb.o(.text.lv_obj_scroll_to_x)
 <LI><a href="#[9f]">scroll_x_anim</a> from lto-llvm-f34deb.o(.text.scroll_x_anim) referenced 2 times from lto-llvm-f34deb.o(.text.lv_spinbox_constructor)
 <LI><a href="#[9f]">scroll_x_anim</a> from lto-llvm-f34deb.o(.text.scroll_x_anim) referenced 2 times from lto-llvm-f34deb.o(.text.lv_tabview_set_act)
 <LI><a href="#[9f]">scroll_x_anim</a> from lto-llvm-f34deb.o(.text.scroll_x_anim) referenced 4 times from lto-llvm-f34deb.o(.text.lv_textarea_set_cursor_pos)
 <LI><a href="#[9f]">scroll_x_anim</a> from lto-llvm-f34deb.o(.text.scroll_x_anim) referenced 2 times from lto-llvm-f34deb.o(.text.tileview_event_cb)
 <LI><a href="#[a0]">scroll_y_anim</a> from lto-llvm-f34deb.o(.text.scroll_y_anim) referenced 2 times from lto-llvm-f34deb.o(.text.cont_scroll_end_event_cb)
 <LI><a href="#[a0]">scroll_y_anim</a> from lto-llvm-f34deb.o(.text.scroll_y_anim) referenced 2 times from lto-llvm-f34deb.o(.text.lv_obj_event)
 <LI><a href="#[a0]">scroll_y_anim</a> from lto-llvm-f34deb.o(.text.scroll_y_anim) referenced 4 times from lto-llvm-f34deb.o(.text.lv_obj_refr_size)
 <LI><a href="#[a0]">scroll_y_anim</a> from lto-llvm-f34deb.o(.text.scroll_y_anim) referenced 4 times from lto-llvm-f34deb.o(.text.lv_obj_scroll_by)
 <LI><a href="#[a0]">scroll_y_anim</a> from lto-llvm-f34deb.o(.text.scroll_y_anim) referenced 2 times from lto-llvm-f34deb.o(.text.lv_obj_scroll_to_y)
 <LI><a href="#[a0]">scroll_y_anim</a> from lto-llvm-f34deb.o(.text.scroll_y_anim) referenced 2 times from lto-llvm-f34deb.o(.text.lv_spinbox_constructor)
 <LI><a href="#[a0]">scroll_y_anim</a> from lto-llvm-f34deb.o(.text.scroll_y_anim) referenced 2 times from lto-llvm-f34deb.o(.text.lv_tabview_set_act)
 <LI><a href="#[a0]">scroll_y_anim</a> from lto-llvm-f34deb.o(.text.scroll_y_anim) referenced 4 times from lto-llvm-f34deb.o(.text.lv_textarea_set_cursor_pos)
 <LI><a href="#[a0]">scroll_y_anim</a> from lto-llvm-f34deb.o(.text.scroll_y_anim) referenced 2 times from lto-llvm-f34deb.o(.text.position_to_selected)
 <LI><a href="#[a0]">scroll_y_anim</a> from lto-llvm-f34deb.o(.text.scroll_y_anim) referenced 2 times from lto-llvm-f34deb.o(.text.tileview_event_cb)
 <LI><a href="#[c2]">set_ofs_x_anim</a> from lto-llvm-f34deb.o(.text.set_ofs_x_anim) referenced 8 times from lto-llvm-f34deb.o(.text.lv_label_refr_text)
 <LI><a href="#[c2]">set_ofs_x_anim</a> from lto-llvm-f34deb.o(.text.set_ofs_x_anim) referenced 2 times from lto-llvm-f34deb.o(.text.lv_label_set_long_mode)
 <LI><a href="#[c3]">set_ofs_y_anim</a> from lto-llvm-f34deb.o(.text.set_ofs_y_anim) referenced 6 times from lto-llvm-f34deb.o(.text.lv_label_refr_text)
 <LI><a href="#[c3]">set_ofs_y_anim</a> from lto-llvm-f34deb.o(.text.set_ofs_y_anim) referenced 2 times from lto-llvm-f34deb.o(.text.lv_label_set_long_mode)
 <LI><a href="#[cc]">set_y_anim.1064</a> from lto-llvm-f34deb.o(.text.set_y_anim.1064) referenced 2 times from lto-llvm-f34deb.o(.text.lv_roller_event)
 <LI><a href="#[cc]">set_y_anim.1064</a> from lto-llvm-f34deb.o(.text.set_y_anim.1064) referenced 4 times from lto-llvm-f34deb.o(.text.refr_position)
 <LI><a href="#[e2]">theme_apply.433</a> from lto-llvm-f34deb.o(.text.theme_apply.433) referenced 2 times from lto-llvm-f34deb.o(.text.main)
 <LI><a href="#[d7]">tileview_event_cb</a> from lto-llvm-f34deb.o(.text.tileview_event_cb) referenced 2 times from lto-llvm-f34deb.o(.text.lv_tileview_constructor)
 <LI><a href="#[e3]">touchpad_read</a> from lto-llvm-f34deb.o(.text.touchpad_read) referenced 2 times from lto-llvm-f34deb.o(.text.main)
 <LI><a href="#[c9]">trans_anim_cb</a> from lto-llvm-f34deb.o(.text.trans_anim_cb) referenced 2 times from lto-llvm-f34deb.o(.text.lv_obj_set_state)
 <LI><a href="#[cb]">trans_anim_ready_cb</a> from lto-llvm-f34deb.o(.text.trans_anim_ready_cb) referenced 2 times from lto-llvm-f34deb.o(.text.lv_obj_set_state)
 <LI><a href="#[ca]">trans_anim_start_cb</a> from lto-llvm-f34deb.o(.text.trans_anim_start_cb) referenced 2 times from lto-llvm-f34deb.o(.text.lv_obj_set_state)
 <LI><a href="#[ee]">value_changed_event_cb</a> from lto-llvm-f34deb.o(.text.value_changed_event_cb) referenced 2 times from lto-llvm-f34deb.o(.text.my_constructor)
 <LI><a href="#[f1]">value_changed_event_cb.473</a> from lto-llvm-f34deb.o(.text.value_changed_event_cb.473) referenced 2 times from lto-llvm-f34deb.o(.text.my_constructor.469)
 <LI><a href="#[ef]">year_event_cb</a> from lto-llvm-f34deb.o(.text.year_event_cb) referenced 2 times from lto-llvm-f34deb.o(.text.my_constructor.469)
</UL>
<P>
<H3>
Global Symbols
</H3>
<P><STRONG><a name="[96]"></a>__main</STRONG> (Thumb, 8 bytes, Stack size 0 bytes, __main.o(!!!main))
<BR><BR>[Calls]<UL><LI><a href="#[157]">&gt;&gt;</a>&nbsp;&nbsp;&nbsp;__rt_entry
<LI><a href="#[156]">&gt;&gt;</a>&nbsp;&nbsp;&nbsp;__scatterload
</UL>
<BR>[Address Reference Count : 1]<UL><LI> startup_stm32h743xx.o(.text)
</UL>
<P><STRONG><a name="[156]"></a>__scatterload</STRONG> (Thumb, 0 bytes, Stack size unknown bytes, __scatter.o(!!!scatter))
<BR><BR>[Called By]<UL><LI><a href="#[96]">&gt;&gt;</a>&nbsp;&nbsp;&nbsp;__main
</UL>

<P><STRONG><a name="[158]"></a>__scatterload_rt2</STRONG> (Thumb, 44 bytes, Stack size unknown bytes, __scatter.o(!!!scatter), UNUSED)
<BR><BR>[Calls]<UL><LI><a href="#[157]">&gt;&gt;</a>&nbsp;&nbsp;&nbsp;__rt_entry
</UL>

<P><STRONG><a name="[29c]"></a>__scatterload_rt2_thumb_only</STRONG> (Thumb, 0 bytes, Stack size unknown bytes, __scatter.o(!!!scatter), UNUSED)

<P><STRONG><a name="[29d]"></a>__scatterload_null</STRONG> (Thumb, 0 bytes, Stack size unknown bytes, __scatter.o(!!!scatter), UNUSED)

<P><STRONG><a name="[159]"></a>__scatterload_copy</STRONG> (Thumb, 26 bytes, Stack size unknown bytes, __scatter_copy.o(!!handler_copy), UNUSED)
<BR><BR>[Calls]<UL><LI><a href="#[159]">&gt;&gt;</a>&nbsp;&nbsp;&nbsp;__scatterload_copy
</UL>
<BR>[Called By]<UL><LI><a href="#[159]">&gt;&gt;</a>&nbsp;&nbsp;&nbsp;__scatterload_copy
</UL>

<P><STRONG><a name="[29e]"></a>__scatterload_zeroinit</STRONG> (Thumb, 28 bytes, Stack size unknown bytes, __scatter_zi.o(!!handler_zi), UNUSED)

<P><STRONG><a name="[15a]"></a>_printf_f</STRONG> (Thumb, 0 bytes, Stack size unknown bytes, _printf_f.o(.ARM.Collect$$_printf_percent$$00000003))
<BR><BR>[Stack]<UL><LI>Max Depth = 324 + Unknown Stack Size
<LI>Call Chain = _printf_f &rArr; _printf_fp_dec &rArr; _printf_fp_dec_real &rArr; _fp_digits &rArr; _btod_etento &rArr; _btod_emul &rArr; _e2e
</UL>
<BR>[Calls]<UL><LI><a href="#[15b]">&gt;&gt;</a>&nbsp;&nbsp;&nbsp;_printf_fp_dec
</UL>

<P><STRONG><a name="[176]"></a>_printf_percent</STRONG> (Thumb, 0 bytes, Stack size unknown bytes, _printf_percent.o(.ARM.Collect$$_printf_percent$$00000000))
<BR><BR>[Called By]<UL><LI><a href="#[174]">&gt;&gt;</a>&nbsp;&nbsp;&nbsp;__printf
</UL>

<P><STRONG><a name="[15c]"></a>_printf_c</STRONG> (Thumb, 0 bytes, Stack size unknown bytes, _printf_c.o(.ARM.Collect$$_printf_percent$$00000013))
<BR><BR>[Stack]<UL><LI>Max Depth = 40 + Unknown Stack Size
<LI>Call Chain = _printf_c &rArr; _printf_char &rArr; _printf_cs_common &rArr; _printf_str &rArr; _printf_post_padding
</UL>
<BR>[Calls]<UL><LI><a href="#[15d]">&gt;&gt;</a>&nbsp;&nbsp;&nbsp;_printf_char
</UL>

<P><STRONG><a name="[29f]"></a>_printf_percent_end</STRONG> (Thumb, 0 bytes, Stack size unknown bytes, _printf_percent_end.o(.ARM.Collect$$_printf_percent$$00000017))

<P><STRONG><a name="[167]"></a>__rt_lib_init</STRONG> (Thumb, 0 bytes, Stack size unknown bytes, libinit.o(.ARM.Collect$$libinit$$00000000))
<BR><BR>[Called By]<UL><LI><a href="#[166]">&gt;&gt;</a>&nbsp;&nbsp;&nbsp;__rt_entry_li
</UL>

<P><STRONG><a name="[15e]"></a>__rt_lib_init_fp_1</STRONG> (Thumb, 0 bytes, Stack size unknown bytes, libinit2.o(.ARM.Collect$$libinit$$00000001))
<BR><BR>[Calls]<UL><LI><a href="#[15f]">&gt;&gt;</a>&nbsp;&nbsp;&nbsp;_fp_init
</UL>

<P><STRONG><a name="[2a0]"></a>__rt_lib_init_heap_1</STRONG> (Thumb, 0 bytes, Stack size unknown bytes, libinit2.o(.ARM.Collect$$libinit$$0000000C))

<P><STRONG><a name="[160]"></a>__rt_lib_init_lc_common</STRONG> (Thumb, 0 bytes, Stack size unknown bytes, libinit2.o(.ARM.Collect$$libinit$$00000011))
<BR><BR>[Calls]<UL><LI><a href="#[161]">&gt;&gt;</a>&nbsp;&nbsp;&nbsp;__rt_locale
</UL>

<P><STRONG><a name="[2a1]"></a>__rt_lib_init_preinit_1</STRONG> (Thumb, 0 bytes, Stack size unknown bytes, libinit2.o(.ARM.Collect$$libinit$$00000006))

<P><STRONG><a name="[2a2]"></a>__rt_lib_init_rand_1</STRONG> (Thumb, 0 bytes, Stack size unknown bytes, libinit2.o(.ARM.Collect$$libinit$$00000010))

<P><STRONG><a name="[2a3]"></a>__rt_lib_init_relocate_pie_1</STRONG> (Thumb, 0 bytes, Stack size unknown bytes, libinit2.o(.ARM.Collect$$libinit$$00000004))

<P><STRONG><a name="[2a4]"></a>__rt_lib_init_user_alloc_1</STRONG> (Thumb, 0 bytes, Stack size unknown bytes, libinit2.o(.ARM.Collect$$libinit$$0000000E))

<P><STRONG><a name="[2a5]"></a>__rt_lib_init_lc_collate_1</STRONG> (Thumb, 0 bytes, Stack size unknown bytes, libinit2.o(.ARM.Collect$$libinit$$00000013))

<P><STRONG><a name="[2a6]"></a>__rt_lib_init_lc_ctype_1</STRONG> (Thumb, 0 bytes, Stack size unknown bytes, libinit2.o(.ARM.Collect$$libinit$$00000015))

<P><STRONG><a name="[2a7]"></a>__rt_lib_init_lc_monetary_1</STRONG> (Thumb, 0 bytes, Stack size unknown bytes, libinit2.o(.ARM.Collect$$libinit$$00000017))

<P><STRONG><a name="[162]"></a>__rt_lib_init_lc_numeric_2</STRONG> (Thumb, 0 bytes, Stack size unknown bytes, libinit2.o(.ARM.Collect$$libinit$$00000018))
<BR><BR>[Stack]<UL><LI>Max Depth = 16 + Unknown Stack Size
<LI>Call Chain = __rt_lib_init_lc_numeric_2 &rArr; _get_lc_numeric &rArr; strcmp
</UL>
<BR>[Calls]<UL><LI><a href="#[163]">&gt;&gt;</a>&nbsp;&nbsp;&nbsp;_get_lc_numeric
</UL>

<P><STRONG><a name="[2a8]"></a>__rt_lib_init_alloca_1</STRONG> (Thumb, 0 bytes, Stack size unknown bytes, libinit2.o(.ARM.Collect$$libinit$$00000030))

<P><STRONG><a name="[2a9]"></a>__rt_lib_init_argv_1</STRONG> (Thumb, 0 bytes, Stack size unknown bytes, libinit2.o(.ARM.Collect$$libinit$$0000002E))

<P><STRONG><a name="[2aa]"></a>__rt_lib_init_atexit_1</STRONG> (Thumb, 0 bytes, Stack size unknown bytes, libinit2.o(.ARM.Collect$$libinit$$0000001D))

<P><STRONG><a name="[2ab]"></a>__rt_lib_init_clock_1</STRONG> (Thumb, 0 bytes, Stack size unknown bytes, libinit2.o(.ARM.Collect$$libinit$$00000023))

<P><STRONG><a name="[2ac]"></a>__rt_lib_init_cpp_1</STRONG> (Thumb, 0 bytes, Stack size unknown bytes, libinit2.o(.ARM.Collect$$libinit$$00000034))

<P><STRONG><a name="[2ad]"></a>__rt_lib_init_exceptions_1</STRONG> (Thumb, 0 bytes, Stack size unknown bytes, libinit2.o(.ARM.Collect$$libinit$$00000032))

<P><STRONG><a name="[2ae]"></a>__rt_lib_init_fp_trap_1</STRONG> (Thumb, 0 bytes, Stack size unknown bytes, libinit2.o(.ARM.Collect$$libinit$$00000021))

<P><STRONG><a name="[2af]"></a>__rt_lib_init_getenv_1</STRONG> (Thumb, 0 bytes, Stack size unknown bytes, libinit2.o(.ARM.Collect$$libinit$$00000025))

<P><STRONG><a name="[2b0]"></a>__rt_lib_init_lc_numeric_1</STRONG> (Thumb, 0 bytes, Stack size unknown bytes, libinit2.o(.ARM.Collect$$libinit$$00000019))

<P><STRONG><a name="[2b1]"></a>__rt_lib_init_lc_time_1</STRONG> (Thumb, 0 bytes, Stack size unknown bytes, libinit2.o(.ARM.Collect$$libinit$$0000001B))

<P><STRONG><a name="[2b2]"></a>__rt_lib_init_return</STRONG> (Thumb, 0 bytes, Stack size unknown bytes, libinit2.o(.ARM.Collect$$libinit$$00000035))

<P><STRONG><a name="[2b3]"></a>__rt_lib_init_signal_1</STRONG> (Thumb, 0 bytes, Stack size unknown bytes, libinit2.o(.ARM.Collect$$libinit$$0000001F))

<P><STRONG><a name="[2b4]"></a>__rt_lib_init_stdio_1</STRONG> (Thumb, 0 bytes, Stack size unknown bytes, libinit2.o(.ARM.Collect$$libinit$$00000027))

<P><STRONG><a name="[16c]"></a>__rt_lib_shutdown</STRONG> (Thumb, 0 bytes, Stack size unknown bytes, libshutdown.o(.ARM.Collect$$libshutdown$$00000000))
<BR><BR>[Called By]<UL><LI><a href="#[16b]">&gt;&gt;</a>&nbsp;&nbsp;&nbsp;__rt_exit_ls
</UL>

<P><STRONG><a name="[2b5]"></a>__rt_lib_shutdown_cpp_1</STRONG> (Thumb, 0 bytes, Stack size unknown bytes, libshutdown2.o(.ARM.Collect$$libshutdown$$00000002))

<P><STRONG><a name="[2b6]"></a>__rt_lib_shutdown_fp_trap_1</STRONG> (Thumb, 0 bytes, Stack size unknown bytes, libshutdown2.o(.ARM.Collect$$libshutdown$$00000007))

<P><STRONG><a name="[2b7]"></a>__rt_lib_shutdown_heap_1</STRONG> (Thumb, 0 bytes, Stack size unknown bytes, libshutdown2.o(.ARM.Collect$$libshutdown$$0000000F))

<P><STRONG><a name="[2b8]"></a>__rt_lib_shutdown_return</STRONG> (Thumb, 0 bytes, Stack size unknown bytes, libshutdown2.o(.ARM.Collect$$libshutdown$$00000010))

<P><STRONG><a name="[2b9]"></a>__rt_lib_shutdown_signal_1</STRONG> (Thumb, 0 bytes, Stack size unknown bytes, libshutdown2.o(.ARM.Collect$$libshutdown$$0000000A))

<P><STRONG><a name="[2ba]"></a>__rt_lib_shutdown_stdio_1</STRONG> (Thumb, 0 bytes, Stack size unknown bytes, libshutdown2.o(.ARM.Collect$$libshutdown$$00000004))

<P><STRONG><a name="[2bb]"></a>__rt_lib_shutdown_user_alloc_1</STRONG> (Thumb, 0 bytes, Stack size unknown bytes, libshutdown2.o(.ARM.Collect$$libshutdown$$0000000C))

<P><STRONG><a name="[157]"></a>__rt_entry</STRONG> (Thumb, 0 bytes, Stack size unknown bytes, __rtentry.o(.ARM.Collect$$rtentry$$00000000))
<BR><BR>[Called By]<UL><LI><a href="#[96]">&gt;&gt;</a>&nbsp;&nbsp;&nbsp;__main
<LI><a href="#[158]">&gt;&gt;</a>&nbsp;&nbsp;&nbsp;__scatterload_rt2
</UL>

<P><STRONG><a name="[2bc]"></a>__rt_entry_presh_1</STRONG> (Thumb, 0 bytes, Stack size unknown bytes, __rtentry2.o(.ARM.Collect$$rtentry$$00000002))

<P><STRONG><a name="[164]"></a>__rt_entry_sh</STRONG> (Thumb, 0 bytes, Stack size unknown bytes, __rtentry4.o(.ARM.Collect$$rtentry$$00000004))
<BR><BR>[Stack]<UL><LI>Max Depth = 8 + Unknown Stack Size
<LI>Call Chain = __rt_entry_sh &rArr; __user_setup_stackheap
</UL>
<BR>[Calls]<UL><LI><a href="#[165]">&gt;&gt;</a>&nbsp;&nbsp;&nbsp;__user_setup_stackheap
</UL>

<P><STRONG><a name="[166]"></a>__rt_entry_li</STRONG> (Thumb, 0 bytes, Stack size unknown bytes, __rtentry2.o(.ARM.Collect$$rtentry$$0000000A))
<BR><BR>[Calls]<UL><LI><a href="#[167]">&gt;&gt;</a>&nbsp;&nbsp;&nbsp;__rt_lib_init
</UL>

<P><STRONG><a name="[2bd]"></a>__rt_entry_postsh_1</STRONG> (Thumb, 0 bytes, Stack size unknown bytes, __rtentry2.o(.ARM.Collect$$rtentry$$00000009))

<P><STRONG><a name="[168]"></a>__rt_entry_main</STRONG> (Thumb, 0 bytes, Stack size unknown bytes, __rtentry2.o(.ARM.Collect$$rtentry$$0000000D))
<BR><BR>[Stack]<UL><LI>Max Depth = 960 + Unknown Stack Size
<LI>Call Chain = __rt_entry_main &rArr; main &rArr; setup_scr_screen &rArr; layout_update_core &rArr;  layout_update_core (Cycle)
</UL>
<BR>[Calls]<UL><LI><a href="#[16a]">&gt;&gt;</a>&nbsp;&nbsp;&nbsp;exit
<LI><a href="#[169]">&gt;&gt;</a>&nbsp;&nbsp;&nbsp;main
</UL>

<P><STRONG><a name="[2be]"></a>__rt_entry_postli_1</STRONG> (Thumb, 0 bytes, Stack size unknown bytes, __rtentry2.o(.ARM.Collect$$rtentry$$0000000C))

<P><STRONG><a name="[18b]"></a>__rt_exit</STRONG> (Thumb, 0 bytes, Stack size unknown bytes, rtexit.o(.ARM.Collect$$rtexit$$00000000))
<BR><BR>[Called By]<UL><LI><a href="#[16a]">&gt;&gt;</a>&nbsp;&nbsp;&nbsp;exit
</UL>

<P><STRONG><a name="[16b]"></a>__rt_exit_ls</STRONG> (Thumb, 0 bytes, Stack size unknown bytes, rtexit2.o(.ARM.Collect$$rtexit$$00000003))
<BR><BR>[Calls]<UL><LI><a href="#[16c]">&gt;&gt;</a>&nbsp;&nbsp;&nbsp;__rt_lib_shutdown
</UL>

<P><STRONG><a name="[2bf]"></a>__rt_exit_prels_1</STRONG> (Thumb, 0 bytes, Stack size unknown bytes, rtexit2.o(.ARM.Collect$$rtexit$$00000002))

<P><STRONG><a name="[2c0]"></a>__rt_exit_exit</STRONG> (Thumb, 0 bytes, Stack size unknown bytes, rtexit2.o(.ARM.Collect$$rtexit$$00000004))

<P><STRONG><a name="[0]"></a>Reset_Handler</STRONG> (Thumb, 8 bytes, Stack size 0 bytes, startup_stm32h743xx.o(.text))
<BR>[Address Reference Count : 1]<UL><LI> startup_stm32h743xx.o(RESET)
</UL>
<P><STRONG><a name="[81]"></a>ADC3_IRQHandler</STRONG> (Thumb, 0 bytes, Stack size 0 bytes, startup_stm32h743xx.o(.text))
<BR><BR>[Calls]<UL><LI><a href="#[81]">&gt;&gt;</a>&nbsp;&nbsp;&nbsp;ADC3_IRQHandler
</UL>
<BR>[Called By]<UL><LI><a href="#[81]">&gt;&gt;</a>&nbsp;&nbsp;&nbsp;ADC3_IRQHandler
</UL>
<BR>[Address Reference Count : 1]<UL><LI> startup_stm32h743xx.o(RESET)
</UL>
<P><STRONG><a name="[1c]"></a>ADC_IRQHandler</STRONG> (Thumb, 0 bytes, Stack size 0 bytes, startup_stm32h743xx.o(.text))
<BR>[Address Reference Count : 1]<UL><LI> startup_stm32h743xx.o(RESET)
</UL>
<P><STRONG><a name="[83]"></a>BDMA_Channel0_IRQHandler</STRONG> (Thumb, 0 bytes, Stack size 0 bytes, startup_stm32h743xx.o(.text))
<BR>[Address Reference Count : 1]<UL><LI> startup_stm32h743xx.o(RESET)
</UL>
<P><STRONG><a name="[84]"></a>BDMA_Channel1_IRQHandler</STRONG> (Thumb, 0 bytes, Stack size 0 bytes, startup_stm32h743xx.o(.text))
<BR>[Address Reference Count : 1]<UL><LI> startup_stm32h743xx.o(RESET)
</UL>
<P><STRONG><a name="[85]"></a>BDMA_Channel2_IRQHandler</STRONG> (Thumb, 0 bytes, Stack size 0 bytes, startup_stm32h743xx.o(.text))
<BR>[Address Reference Count : 1]<UL><LI> startup_stm32h743xx.o(RESET)
</UL>
<P><STRONG><a name="[86]"></a>BDMA_Channel3_IRQHandler</STRONG> (Thumb, 0 bytes, Stack size 0 bytes, startup_stm32h743xx.o(.text))
<BR>[Address Reference Count : 1]<UL><LI> startup_stm32h743xx.o(RESET)
</UL>
<P><STRONG><a name="[87]"></a>BDMA_Channel4_IRQHandler</STRONG> (Thumb, 0 bytes, Stack size 0 bytes, startup_stm32h743xx.o(.text))
<BR>[Address Reference Count : 1]<UL><LI> startup_stm32h743xx.o(RESET)
</UL>
<P><STRONG><a name="[88]"></a>BDMA_Channel5_IRQHandler</STRONG> (Thumb, 0 bytes, Stack size 0 bytes, startup_stm32h743xx.o(.text))
<BR>[Address Reference Count : 1]<UL><LI> startup_stm32h743xx.o(RESET)
</UL>
<P><STRONG><a name="[89]"></a>BDMA_Channel6_IRQHandler</STRONG> (Thumb, 0 bytes, Stack size 0 bytes, startup_stm32h743xx.o(.text))
<BR>[Address Reference Count : 1]<UL><LI> startup_stm32h743xx.o(RESET)
</UL>
<P><STRONG><a name="[8a]"></a>BDMA_Channel7_IRQHandler</STRONG> (Thumb, 0 bytes, Stack size 0 bytes, startup_stm32h743xx.o(.text))
<BR>[Address Reference Count : 1]<UL><LI> startup_stm32h743xx.o(RESET)
</UL>
<P><STRONG><a name="[62]"></a>CEC_IRQHandler</STRONG> (Thumb, 0 bytes, Stack size 0 bytes, startup_stm32h743xx.o(.text))
<BR>[Address Reference Count : 1]<UL><LI> startup_stm32h743xx.o(RESET)
</UL>
<P><STRONG><a name="[8b]"></a>COMP1_IRQHandler</STRONG> (Thumb, 0 bytes, Stack size 0 bytes, startup_stm32h743xx.o(.text))
<BR>[Address Reference Count : 1]<UL><LI> startup_stm32h743xx.o(RESET)
</UL>
<P><STRONG><a name="[91]"></a>CRS_IRQHandler</STRONG> (Thumb, 0 bytes, Stack size 0 bytes, startup_stm32h743xx.o(.text))
<BR>[Address Reference Count : 1]<UL><LI> startup_stm32h743xx.o(RESET)
</UL>
<P><STRONG><a name="[53]"></a>DCMI_IRQHandler</STRONG> (Thumb, 0 bytes, Stack size 0 bytes, startup_stm32h743xx.o(.text))
<BR>[Address Reference Count : 1]<UL><LI> startup_stm32h743xx.o(RESET)
</UL>
<P><STRONG><a name="[72]"></a>DFSDM1_FLT0_IRQHandler</STRONG> (Thumb, 0 bytes, Stack size 0 bytes, startup_stm32h743xx.o(.text))
<BR>[Address Reference Count : 1]<UL><LI> startup_stm32h743xx.o(RESET)
</UL>
<P><STRONG><a name="[73]"></a>DFSDM1_FLT1_IRQHandler</STRONG> (Thumb, 0 bytes, Stack size 0 bytes, startup_stm32h743xx.o(.text))
<BR>[Address Reference Count : 1]<UL><LI> startup_stm32h743xx.o(RESET)
</UL>
<P><STRONG><a name="[74]"></a>DFSDM1_FLT2_IRQHandler</STRONG> (Thumb, 0 bytes, Stack size 0 bytes, startup_stm32h743xx.o(.text))
<BR>[Address Reference Count : 1]<UL><LI> startup_stm32h743xx.o(RESET)
</UL>
<P><STRONG><a name="[75]"></a>DFSDM1_FLT3_IRQHandler</STRONG> (Thumb, 0 bytes, Stack size 0 bytes, startup_stm32h743xx.o(.text))
<BR>[Address Reference Count : 1]<UL><LI> startup_stm32h743xx.o(RESET)
</UL>
<P><STRONG><a name="[15]"></a>DMA1_Stream0_IRQHandler</STRONG> (Thumb, 0 bytes, Stack size 0 bytes, startup_stm32h743xx.o(.text))
<BR>[Address Reference Count : 1]<UL><LI> startup_stm32h743xx.o(RESET)
</UL>
<P><STRONG><a name="[16]"></a>DMA1_Stream1_IRQHandler</STRONG> (Thumb, 0 bytes, Stack size 0 bytes, startup_stm32h743xx.o(.text))
<BR>[Address Reference Count : 1]<UL><LI> startup_stm32h743xx.o(RESET)
</UL>
<P><STRONG><a name="[17]"></a>DMA1_Stream2_IRQHandler</STRONG> (Thumb, 0 bytes, Stack size 0 bytes, startup_stm32h743xx.o(.text))
<BR>[Address Reference Count : 1]<UL><LI> startup_stm32h743xx.o(RESET)
</UL>
<P><STRONG><a name="[18]"></a>DMA1_Stream3_IRQHandler</STRONG> (Thumb, 0 bytes, Stack size 0 bytes, startup_stm32h743xx.o(.text))
<BR>[Address Reference Count : 1]<UL><LI> startup_stm32h743xx.o(RESET)
</UL>
<P><STRONG><a name="[19]"></a>DMA1_Stream4_IRQHandler</STRONG> (Thumb, 0 bytes, Stack size 0 bytes, startup_stm32h743xx.o(.text))
<BR>[Address Reference Count : 1]<UL><LI> startup_stm32h743xx.o(RESET)
</UL>
<P><STRONG><a name="[1a]"></a>DMA1_Stream5_IRQHandler</STRONG> (Thumb, 0 bytes, Stack size 0 bytes, startup_stm32h743xx.o(.text))
<BR>[Address Reference Count : 1]<UL><LI> startup_stm32h743xx.o(RESET)
</UL>
<P><STRONG><a name="[1b]"></a>DMA1_Stream6_IRQHandler</STRONG> (Thumb, 0 bytes, Stack size 0 bytes, startup_stm32h743xx.o(.text))
<BR>[Address Reference Count : 1]<UL><LI> startup_stm32h743xx.o(RESET)
</UL>
<P><STRONG><a name="[38]"></a>DMA1_Stream7_IRQHandler</STRONG> (Thumb, 0 bytes, Stack size 0 bytes, startup_stm32h743xx.o(.text))
<BR>[Address Reference Count : 1]<UL><LI> startup_stm32h743xx.o(RESET)
</UL>
<P><STRONG><a name="[5e]"></a>DMA2D_IRQHandler</STRONG> (Thumb, 0 bytes, Stack size 0 bytes, startup_stm32h743xx.o(.text))
<BR>[Address Reference Count : 1]<UL><LI> startup_stm32h743xx.o(RESET)
</UL>
<P><STRONG><a name="[41]"></a>DMA2_Stream0_IRQHandler</STRONG> (Thumb, 0 bytes, Stack size 0 bytes, startup_stm32h743xx.o(.text))
<BR>[Address Reference Count : 1]<UL><LI> startup_stm32h743xx.o(RESET)
</UL>
<P><STRONG><a name="[42]"></a>DMA2_Stream1_IRQHandler</STRONG> (Thumb, 0 bytes, Stack size 0 bytes, startup_stm32h743xx.o(.text))
<BR>[Address Reference Count : 1]<UL><LI> startup_stm32h743xx.o(RESET)
</UL>
<P><STRONG><a name="[43]"></a>DMA2_Stream2_IRQHandler</STRONG> (Thumb, 0 bytes, Stack size 0 bytes, startup_stm32h743xx.o(.text))
<BR>[Address Reference Count : 1]<UL><LI> startup_stm32h743xx.o(RESET)
</UL>
<P><STRONG><a name="[44]"></a>DMA2_Stream3_IRQHandler</STRONG> (Thumb, 0 bytes, Stack size 0 bytes, startup_stm32h743xx.o(.text))
<BR>[Address Reference Count : 1]<UL><LI> startup_stm32h743xx.o(RESET)
</UL>
<P><STRONG><a name="[45]"></a>DMA2_Stream4_IRQHandler</STRONG> (Thumb, 0 bytes, Stack size 0 bytes, startup_stm32h743xx.o(.text))
<BR>[Address Reference Count : 1]<UL><LI> startup_stm32h743xx.o(RESET)
</UL>
<P><STRONG><a name="[49]"></a>DMA2_Stream5_IRQHandler</STRONG> (Thumb, 0 bytes, Stack size 0 bytes, startup_stm32h743xx.o(.text))
<BR>[Address Reference Count : 1]<UL><LI> startup_stm32h743xx.o(RESET)
</UL>
<P><STRONG><a name="[4a]"></a>DMA2_Stream6_IRQHandler</STRONG> (Thumb, 0 bytes, Stack size 0 bytes, startup_stm32h743xx.o(.text))
<BR>[Address Reference Count : 1]<UL><LI> startup_stm32h743xx.o(RESET)
</UL>
<P><STRONG><a name="[4b]"></a>DMA2_Stream7_IRQHandler</STRONG> (Thumb, 0 bytes, Stack size 0 bytes, startup_stm32h743xx.o(.text))
<BR>[Address Reference Count : 1]<UL><LI> startup_stm32h743xx.o(RESET)
</UL>
<P><STRONG><a name="[6a]"></a>DMAMUX1_OVR_IRQHandler</STRONG> (Thumb, 0 bytes, Stack size 0 bytes, startup_stm32h743xx.o(.text))
<BR>[Address Reference Count : 1]<UL><LI> startup_stm32h743xx.o(RESET)
</UL>
<P><STRONG><a name="[82]"></a>DMAMUX2_OVR_IRQHandler</STRONG> (Thumb, 0 bytes, Stack size 0 bytes, startup_stm32h743xx.o(.text))
<BR>[Address Reference Count : 1]<UL><LI> startup_stm32h743xx.o(RESET)
</UL>
<P><STRONG><a name="[92]"></a>ECC_IRQHandler</STRONG> (Thumb, 0 bytes, Stack size 0 bytes, startup_stm32h743xx.o(.text))
<BR>[Address Reference Count : 1]<UL><LI> startup_stm32h743xx.o(RESET)
</UL>
<P><STRONG><a name="[46]"></a>ETH_IRQHandler</STRONG> (Thumb, 0 bytes, Stack size 0 bytes, startup_stm32h743xx.o(.text))
<BR>[Address Reference Count : 1]<UL><LI> startup_stm32h743xx.o(RESET)
</UL>
<P><STRONG><a name="[47]"></a>ETH_WKUP_IRQHandler</STRONG> (Thumb, 0 bytes, Stack size 0 bytes, startup_stm32h743xx.o(.text))
<BR>[Address Reference Count : 1]<UL><LI> startup_stm32h743xx.o(RESET)
</UL>
<P><STRONG><a name="[10]"></a>EXTI0_IRQHandler</STRONG> (Thumb, 0 bytes, Stack size 0 bytes, startup_stm32h743xx.o(.text))
<BR>[Address Reference Count : 1]<UL><LI> startup_stm32h743xx.o(RESET)
</UL>
<P><STRONG><a name="[32]"></a>EXTI15_10_IRQHandler</STRONG> (Thumb, 0 bytes, Stack size 0 bytes, startup_stm32h743xx.o(.text))
<BR>[Address Reference Count : 1]<UL><LI> startup_stm32h743xx.o(RESET)
</UL>
<P><STRONG><a name="[11]"></a>EXTI1_IRQHandler</STRONG> (Thumb, 0 bytes, Stack size 0 bytes, startup_stm32h743xx.o(.text))
[...]
</UL>
<BR>[Calls]<UL><LI><a href="#[269]">&gt;&gt;</a>&nbsp;&nbsp;&nbsp;lv_obj_scroll_by_bounded
<LI><a href="#[1cb]">&gt;&gt;</a>&nbsp;&nbsp;&nbsp;lv_obj_get_style_prop
</UL>
<BR>[Called By]<UL><LI><a href="#[14f]">&gt;&gt;</a>&nbsp;&nbsp;&nbsp;lv_table_event
</UL>

<P><STRONG><a name="[150]"></a>lv_textarea_constructor</STRONG> (Thumb, 360 bytes, Stack size 88 bytes, lto-llvm-f34deb.o(.text.lv_textarea_constructor))
<BR><BR>[Stack]<UL><LI>Max Depth = 840 + Unknown Stack Size
<LI>Call Chain = lv_textarea_constructor &rArr; lv_textarea_set_cursor_pos &rArr; layout_update_core &rArr;  layout_update_core (Cycle)
</UL>
<BR>[Calls]<UL><LI><a href="#[1a7]">&gt;&gt;</a>&nbsp;&nbsp;&nbsp;__aeabi_memclr4
<LI><a href="#[24c]">&gt;&gt;</a>&nbsp;&nbsp;&nbsp;lv_textarea_set_cursor_pos
<LI><a href="#[1ab]">&gt;&gt;</a>&nbsp;&nbsp;&nbsp;lv_label_set_text
<LI><a href="#[107]">&gt;&gt;</a>&nbsp;&nbsp;&nbsp;lv_obj_set_width
<LI><a href="#[1c6]">&gt;&gt;</a>&nbsp;&nbsp;&nbsp;lv_obj_add_flag
<LI><a href="#[209]">&gt;&gt;</a>&nbsp;&nbsp;&nbsp;lv_anim_start
<LI><a href="#[1cb]">&gt;&gt;</a>&nbsp;&nbsp;&nbsp;lv_obj_get_style_prop
<LI><a href="#[19a]">&gt;&gt;</a>&nbsp;&nbsp;&nbsp;lv_anim_del
<LI><a href="#[200]">&gt;&gt;</a>&nbsp;&nbsp;&nbsp;lv_obj_allocate_spec_attr
<LI><a href="#[1a9]">&gt;&gt;</a>&nbsp;&nbsp;&nbsp;lv_obj_class_init_obj
<LI><a href="#[1a8]">&gt;&gt;</a>&nbsp;&nbsp;&nbsp;lv_obj_class_create_obj
<LI><a href="#[1f9]">&gt;&gt;</a>&nbsp;&nbsp;&nbsp;lv_mem_realloc
</UL>
<BR>[Address Reference Count : 1]<UL><LI> lto-llvm-f34deb.o(.rodata)
</UL>
<P><STRONG><a name="[d6]"></a>label_event_cb</STRONG> (Thumb, 152 bytes, Stack size 88 bytes, lto-llvm-f34deb.o(.text.label_event_cb))
<BR><BR>[Stack]<UL><LI>Max Depth = 592 + Unknown Stack Size
<LI>Call Chain = label_event_cb &rArr; lv_label_set_text &rArr; lv_label_refr_text &rArr; lv_obj_invalidate &rArr; lv_obj_area_is_visible &rArr; lv_obj_get_transformed_area &rArr; lv_obj_transform_point &rArr;  lv_obj_transform_point (Cycle)
</UL>
<BR>[Calls]<UL><LI><a href="#[1a7]">&gt;&gt;</a>&nbsp;&nbsp;&nbsp;__aeabi_memclr4
<LI><a href="#[1ab]">&gt;&gt;</a>&nbsp;&nbsp;&nbsp;lv_label_set_text
<LI><a href="#[209]">&gt;&gt;</a>&nbsp;&nbsp;&nbsp;lv_anim_start
<LI><a href="#[1cb]">&gt;&gt;</a>&nbsp;&nbsp;&nbsp;lv_obj_get_style_prop
<LI><a href="#[19a]">&gt;&gt;</a>&nbsp;&nbsp;&nbsp;lv_anim_del
<LI><a href="#[208]">&gt;&gt;</a>&nbsp;&nbsp;&nbsp;refr_cursor_area
</UL>
<BR>[Address Reference Count : 1]<UL><LI> lto-llvm-f34deb.o(.text.lv_textarea_constructor)
</UL>
<P><STRONG><a name="[a3]"></a>cursor_blink_anim_cb</STRONG> (Thumb, 92 bytes, Stack size 16 bytes, lto-llvm-f34deb.o(.text.cursor_blink_anim_cb))
<BR><BR>[Stack]<UL><LI>Max Depth = 328<LI>Call Chain = cursor_blink_anim_cb &rArr; lv_obj_invalidate_area &rArr; lv_obj_area_is_visible &rArr; lv_obj_get_transformed_area &rArr; lv_obj_transform_point &rArr;  lv_obj_transform_point (Cycle)
</UL>
<BR>[Calls]<UL><LI><a href="#[1ce]">&gt;&gt;</a>&nbsp;&nbsp;&nbsp;lv_obj_invalidate_area
</UL>
<BR>[Address Reference Count : 4]<UL><LI> lto-llvm-f34deb.o(.text.lv_textarea_constructor)
<LI> lto-llvm-f34deb.o(.text.lv_textarea_event)
<LI> lto-llvm-f34deb.o(.text.lv_textarea_set_cursor_pos)
<LI> lto-llvm-f34deb.o(.text.label_event_cb)
</UL>
<P><STRONG><a name="[151]"></a>lv_textarea_destructor</STRONG> (Thumb, 150 bytes, Stack size 16 bytes, lto-llvm-f34deb.o(.text.lv_textarea_destructor))
<BR><BR>[Stack]<UL><LI>Max Depth = 60<LI>Call Chain = lv_textarea_destructor &rArr; lv_tlsf_free &rArr; block_merge_next
</UL>
<BR>[Calls]<UL><LI><a href="#[1a1]">&gt;&gt;</a>&nbsp;&nbsp;&nbsp;lv_tlsf_free
</UL>
<BR>[Address Reference Count : 1]<UL><LI> lto-llvm-f34deb.o(.rodata)
</UL>
<P><STRONG><a name="[27f]"></a>lv_textarea_del_char_forward</STRONG> (Thumb, 30 bytes, Stack size 16 bytes, lto-llvm-f34deb.o(.text.lv_textarea_del_char_forward))
<BR><BR>[Stack]<UL><LI>Max Depth = 824 + Unknown Stack Size
<LI>Call Chain = lv_textarea_del_char_forward &rArr; lv_textarea_del_char &rArr; lv_textarea_set_cursor_pos &rArr; layout_update_core &rArr;  layout_update_core (Cycle)
</UL>
<BR>[Calls]<UL><LI><a href="#[24d]">&gt;&gt;</a>&nbsp;&nbsp;&nbsp;lv_textarea_del_char
<LI><a href="#[24c]">&gt;&gt;</a>&nbsp;&nbsp;&nbsp;lv_textarea_set_cursor_pos
</UL>
<BR>[Called By]<UL><LI><a href="#[152]">&gt;&gt;</a>&nbsp;&nbsp;&nbsp;lv_textarea_event
</UL>

<P><STRONG><a name="[27e]"></a>lv_textarea_cursor_up</STRONG> (Thumb, 92 bytes, Stack size 24 bytes, lto-llvm-f34deb.o(.text.lv_textarea_cursor_up))
<BR><BR>[Stack]<UL><LI>Max Depth = 776 + Unknown Stack Size
<LI>Call Chain = lv_textarea_cursor_up &rArr; lv_textarea_set_cursor_pos &rArr; layout_update_core &rArr;  layout_update_core (Cycle)
</UL>
<BR>[Calls]<UL><LI><a href="#[24c]">&gt;&gt;</a>&nbsp;&nbsp;&nbsp;lv_textarea_set_cursor_pos
<LI><a href="#[1cb]">&gt;&gt;</a>&nbsp;&nbsp;&nbsp;lv_obj_get_style_prop
<LI><a href="#[252]">&gt;&gt;</a>&nbsp;&nbsp;&nbsp;lv_label_get_letter_pos
<LI><a href="#[250]">&gt;&gt;</a>&nbsp;&nbsp;&nbsp;lv_label_get_letter_on
</UL>
<BR>[Called By]<UL><LI><a href="#[152]">&gt;&gt;</a>&nbsp;&nbsp;&nbsp;lv_textarea_event
</UL>

<P><STRONG><a name="[27d]"></a>lv_textarea_cursor_down</STRONG> (Thumb, 106 bytes, Stack size 24 bytes, lto-llvm-f34deb.o(.text.lv_textarea_cursor_down))
<BR><BR>[Stack]<UL><LI>Max Depth = 776 + Unknown Stack Size
<LI>Call Chain = lv_textarea_cursor_down &rArr; lv_textarea_set_cursor_pos &rArr; layout_update_core &rArr;  layout_update_core (Cycle)
</UL>
<BR>[Calls]<UL><LI><a href="#[24c]">&gt;&gt;</a>&nbsp;&nbsp;&nbsp;lv_textarea_set_cursor_pos
<LI><a href="#[1cb]">&gt;&gt;</a>&nbsp;&nbsp;&nbsp;lv_obj_get_style_prop
<LI><a href="#[252]">&gt;&gt;</a>&nbsp;&nbsp;&nbsp;lv_label_get_letter_pos
<LI><a href="#[250]">&gt;&gt;</a>&nbsp;&nbsp;&nbsp;lv_label_get_letter_on
</UL>
<BR>[Called By]<UL><LI><a href="#[152]">&gt;&gt;</a>&nbsp;&nbsp;&nbsp;lv_textarea_event
</UL>

<P><STRONG><a name="[208]"></a>refr_cursor_area</STRONG> (Thumb, 874 bytes, Stack size 88 bytes, lto-llvm-f34deb.o(.text.refr_cursor_area))
<BR><BR>[Stack]<UL><LI>Max Depth = 400<LI>Call Chain = refr_cursor_area &rArr; lv_obj_invalidate_area &rArr; lv_obj_area_is_visible &rArr; lv_obj_get_transformed_area &rArr; lv_obj_transform_point &rArr;  lv_obj_transform_point (Cycle)
</UL>
<BR>[Calls]<UL><LI><a href="#[1bc]">&gt;&gt;</a>&nbsp;&nbsp;&nbsp;lv_txt_utf8_next
<LI><a href="#[1ce]">&gt;&gt;</a>&nbsp;&nbsp;&nbsp;lv_obj_invalidate_area
<LI><a href="#[1cb]">&gt;&gt;</a>&nbsp;&nbsp;&nbsp;lv_obj_get_style_prop
<LI><a href="#[252]">&gt;&gt;</a>&nbsp;&nbsp;&nbsp;lv_label_get_letter_pos
</UL>
<BR>[Called By]<UL><LI><a href="#[27a]">&gt;&gt;</a>&nbsp;&nbsp;&nbsp;pwd_char_hider
<LI><a href="#[24c]">&gt;&gt;</a>&nbsp;&nbsp;&nbsp;lv_textarea_set_cursor_pos
<LI><a href="#[d6]">&gt;&gt;</a>&nbsp;&nbsp;&nbsp;label_event_cb
</UL>

<P><STRONG><a name="[f3]"></a>screen_slider_x_pix_event_handler</STRONG> (Thumb, 104 bytes, Stack size 8 bytes, lto-llvm-f34deb.o(.text.screen_slider_x_pix_event_handler))
<BR><BR>[Stack]<UL><LI>Max Depth = 536 + Unknown Stack Size
<LI>Call Chain = screen_slider_x_pix_event_handler &rArr; lv_label_set_text_fmt &rArr; lv_label_refr_text &rArr; lv_obj_invalidate &rArr; lv_obj_area_is_visible &rArr; lv_obj_get_transformed_area &rArr; lv_obj_transform_point &rArr;  lv_obj_transform_point (Cycle)
</UL>
<BR>[Calls]<UL><LI><a href="#[199]">&gt;&gt;</a>&nbsp;&nbsp;&nbsp;lv_label_set_text_fmt
<LI><a href="#[290]">&gt;&gt;</a>&nbsp;&nbsp;&nbsp;ui_scale_animation
<LI><a href="#[28f]">&gt;&gt;</a>&nbsp;&nbsp;&nbsp;ui_move_animation
</UL>
<BR>[Address Reference Count : 1]<UL><LI> lto-llvm-f34deb.o(.text.setup_scr_screen)
</UL>
<P><STRONG><a name="[28f]"></a>ui_move_animation</STRONG> (Thumb, 254 bytes, Stack size 104 bytes, lto-llvm-f34deb.o(.text.ui_move_animation))
<BR><BR>[Stack]<UL><LI>Max Depth = 204 + Unknown Stack Size
<LI>Call Chain = ui_move_animation &rArr; lv_anim_start &rArr; lv_anim_del &rArr; lv_tlsf_free &rArr; block_merge_next
</UL>
<BR>[Calls]<UL><LI><a href="#[1a7]">&gt;&gt;</a>&nbsp;&nbsp;&nbsp;__aeabi_memclr4
<LI><a href="#[209]">&gt;&gt;</a>&nbsp;&nbsp;&nbsp;lv_anim_start
<LI><a href="#[1cb]">&gt;&gt;</a>&nbsp;&nbsp;&nbsp;lv_obj_get_style_prop
</UL>
<BR>[Called By]<UL><LI><a href="#[fd]">&gt;&gt;</a>&nbsp;&nbsp;&nbsp;screen_btnm_y_pic_event_handler
<LI><a href="#[fc]">&gt;&gt;</a>&nbsp;&nbsp;&nbsp;screen_btnm_x_pic_event_handler
<LI><a href="#[fb]">&gt;&gt;</a>&nbsp;&nbsp;&nbsp;screen_slider_y_pix_event_handler
<LI><a href="#[f6]">&gt;&gt;</a>&nbsp;&nbsp;&nbsp;screen_btn_demo_nonlinear_event_handler
<LI><a href="#[f5]">&gt;&gt;</a>&nbsp;&nbsp;&nbsp;screen_btn_demo_linear_event_handler
<LI><a href="#[f4]">&gt;&gt;</a>&nbsp;&nbsp;&nbsp;screen_btn_hand_set_event_handler
<LI><a href="#[f3]">&gt;&gt;</a>&nbsp;&nbsp;&nbsp;screen_slider_x_pix_event_handler
</UL>

<P><STRONG><a name="[290]"></a>ui_scale_animation</STRONG> (Thumb, 128 bytes, Stack size 88 bytes, lto-llvm-f34deb.o(.text.ui_scale_animation))
<BR><BR>[Stack]<UL><LI>Max Depth = 188<LI>Call Chain = ui_scale_animation &rArr; lv_anim_start &rArr; lv_anim_del &rArr; lv_tlsf_free &rArr; block_merge_next
</UL>
<BR>[Calls]<UL><LI><a href="#[209]">&gt;&gt;</a>&nbsp;&nbsp;&nbsp;lv_anim_start
</UL>
<BR>[Called By]<UL><LI><a href="#[fd]">&gt;&gt;</a>&nbsp;&nbsp;&nbsp;screen_btnm_y_pic_event_handler
<LI><a href="#[fc]">&gt;&gt;</a>&nbsp;&nbsp;&nbsp;screen_btnm_x_pic_event_handler
<LI><a href="#[fb]">&gt;&gt;</a>&nbsp;&nbsp;&nbsp;screen_slider_y_pix_event_handler
<LI><a href="#[f6]">&gt;&gt;</a>&nbsp;&nbsp;&nbsp;screen_btn_demo_nonlinear_event_handler
<LI><a href="#[f5]">&gt;&gt;</a>&nbsp;&nbsp;&nbsp;screen_btn_demo_linear_event_handler
<LI><a href="#[f4]">&gt;&gt;</a>&nbsp;&nbsp;&nbsp;screen_btn_hand_set_event_handler
<LI><a href="#[f3]">&gt;&gt;</a>&nbsp;&nbsp;&nbsp;screen_slider_x_pix_event_handler
</UL>

<P><STRONG><a name="[f4]"></a>screen_btn_hand_set_event_handler</STRONG> (Thumb, 56 bytes, Stack size 8 bytes, lto-llvm-f34deb.o(.text.screen_btn_hand_set_event_handler))
<BR><BR>[Stack]<UL><LI>Max Depth = 212 + Unknown Stack Size
<LI>Call Chain = screen_btn_hand_set_event_handler &rArr; ui_move_animation &rArr; lv_anim_start &rArr; lv_anim_del &rArr; lv_tlsf_free &rArr; block_merge_next
</UL>
<BR>[Calls]<UL><LI><a href="#[290]">&gt;&gt;</a>&nbsp;&nbsp;&nbsp;ui_scale_animation
<LI><a href="#[28f]">&gt;&gt;</a>&nbsp;&nbsp;&nbsp;ui_move_animation
</UL>
<BR>[Address Reference Count : 1]<UL><LI> lto-llvm-f34deb.o(.text.setup_scr_screen)
</UL>
<P><STRONG><a name="[f5]"></a>screen_btn_demo_linear_event_handler</STRONG> (Thumb, 150 bytes, Stack size 8 bytes, lto-llvm-f34deb.o(.text.screen_btn_demo_linear_event_handler))
<BR><BR>[Stack]<UL><LI>Max Depth = 212 + Unknown Stack Size
<LI>Call Chain = screen_btn_demo_linear_event_handler &rArr; ui_move_animation &rArr; lv_anim_start &rArr; lv_anim_del &rArr; lv_tlsf_free &rArr; block_merge_next
</UL>
<BR>[Calls]<UL><LI><a href="#[290]">&gt;&gt;</a>&nbsp;&nbsp;&nbsp;ui_scale_animation
<LI><a href="#[28f]">&gt;&gt;</a>&nbsp;&nbsp;&nbsp;ui_move_animation
</UL>
<BR>[Address Reference Count : 1]<UL><LI> lto-llvm-f34deb.o(.text.setup_scr_screen)
</UL>
<P><STRONG><a name="[f6]"></a>screen_btn_demo_nonlinear_event_handler</STRONG> (Thumb, 568 bytes, Stack size 48 bytes, lto-llvm-f34deb.o(.text.screen_btn_demo_nonlinear_event_handler))
<BR><BR>[Stack]<UL><LI>Max Depth = 252 + Unknown Stack Size
<LI>Call Chain = screen_btn_demo_nonlinear_event_handler &rArr; ui_move_animation &rArr; lv_anim_start &rArr; lv_anim_del &rArr; lv_tlsf_free &rArr; block_merge_next
</UL>
<BR>[Calls]<UL><LI><a href="#[18e]">&gt;&gt;</a>&nbsp;&nbsp;&nbsp;__hardfp_sqrtf
<LI><a href="#[19c]">&gt;&gt;</a>&nbsp;&nbsp;&nbsp;__hardfp_powf
<LI><a href="#[290]">&gt;&gt;</a>&nbsp;&nbsp;&nbsp;ui_scale_animation
<LI><a href="#[28f]">&gt;&gt;</a>&nbsp;&nbsp;&nbsp;ui_move_animation
</UL>
<BR>[Address Reference Count : 1]<UL><LI> lto-llvm-f34deb.o(.text.setup_scr_screen)
</UL>
<P><STRONG><a name="[f7]"></a>screen_ddlist_nonlinear_event_handler</STRONG> (Thumb, 148 bytes, Stack size 0 bytes, lto-llvm-f34deb.o(.text.screen_ddlist_nonlinear_event_handler))
<BR>[Address Reference Count : 1]<UL><LI> lto-llvm-f34deb.o(.text.setup_scr_screen)
</UL>
<P><STRONG><a name="[f8]"></a>screen_img_1_event_handler</STRONG> (Thumb, 46 bytes, Stack size 0 bytes, lto-llvm-f34deb.o(.text.screen_img_1_event_handler))
<BR><BR>[Stack]<UL><LI>Max Depth = 360<LI>Call Chain = screen_img_1_event_handler &rArr; lv_obj_clear_flag &rArr; lv_obj_invalidate_area &rArr; lv_obj_area_is_visible &rArr; lv_obj_get_transformed_area &rArr; lv_obj_transform_point &rArr;  lv_obj_transform_point (Cycle)
</UL>
<BR>[Calls]<UL><LI><a href="#[20c]">&gt;&gt;</a>&nbsp;&nbsp;&nbsp;lv_obj_clear_flag
</UL>
<BR>[Address Reference Count : 1]<UL><LI> lto-llvm-f34deb.o(.text.setup_scr_screen)
</UL>
<P><STRONG><a name="[f9]"></a>screen_ddlist_min_event_handler</STRONG> (Thumb, 16 bytes, Stack size 0 bytes, lto-llvm-f34deb.o(.text.screen_ddlist_min_event_handler))
<BR><BR>[Stack]<UL><LI>Max Depth = 600 + Unknown Stack Size
<LI>Call Chain = screen_ddlist_min_event_handler &rArr; ddlist_min_value_changed_callback &rArr; lv_label_set_text_fmt &rArr; lv_label_refr_text &rArr; lv_obj_invalidate &rArr; lv_obj_area_is_visible &rArr; lv_obj_get_transformed_area &rArr; lv_obj_transform_point &rArr;  lv_obj_transform_point (Cycle)
</UL>
<BR>[Calls]<UL><LI><a href="#[1d0]">&gt;&gt;</a>&nbsp;&nbsp;&nbsp;ddlist_min_value_changed_callback
</UL>
<BR>[Address Reference Count : 1]<UL><LI> lto-llvm-f34deb.o(.text.setup_scr_screen)
</UL>
<P><STRONG><a name="[fa]"></a>screen_ddlist_max_event_handler</STRONG> (Thumb, 16 bytes, Stack size 0 bytes, lto-llvm-f34deb.o(.text.screen_ddlist_max_event_handler))
<BR><BR>[Stack]<UL><LI>Max Depth = 600 + Unknown Stack Size
<LI>Call Chain = screen_ddlist_max_event_handler &rArr; ddlist_max_value_changed_callback &rArr; lv_label_set_text_fmt &rArr; lv_label_refr_text &rArr; lv_obj_invalidate &rArr; lv_obj_area_is_visible &rArr; lv_obj_get_transformed_area &rArr; lv_obj_transform_point &rArr;  lv_obj_transform_point (Cycle)
</UL>
<BR>[Calls]<UL><LI><a href="#[1cf]">&gt;&gt;</a>&nbsp;&nbsp;&nbsp;ddlist_max_value_changed_callback
</UL>
<BR>[Address Reference Count : 1]<UL><LI> lto-llvm-f34deb.o(.text.setup_scr_screen)
</UL>
<P><STRONG><a name="[fb]"></a>screen_slider_y_pix_event_handler</STRONG> (Thumb, 104 bytes, Stack size 8 bytes, lto-llvm-f34deb.o(.text.screen_slider_y_pix_event_handler))
<BR><BR>[Stack]<UL><LI>Max Depth = 536 + Unknown Stack Size
<LI>Call Chain = screen_slider_y_pix_event_handler &rArr; lv_label_set_text_fmt &rArr; lv_label_refr_text &rArr; lv_obj_invalidate &rArr; lv_obj_area_is_visible &rArr; lv_obj_get_transformed_area &rArr; lv_obj_transform_point &rArr;  lv_obj_transform_point (Cycle)
</UL>
<BR>[Calls]<UL><LI><a href="#[199]">&gt;&gt;</a>&nbsp;&nbsp;&nbsp;lv_label_set_text_fmt
<LI><a href="#[290]">&gt;&gt;</a>&nbsp;&nbsp;&nbsp;ui_scale_animation
<LI><a href="#[28f]">&gt;&gt;</a>&nbsp;&nbsp;&nbsp;ui_move_animation
</UL>
<BR>[Address Reference Count : 1]<UL><LI> lto-llvm-f34deb.o(.text.setup_scr_screen)
</UL>
<P><STRONG><a name="[fc]"></a>screen_btnm_x_pic_event_handler</STRONG> (Thumb, 588 bytes, Stack size 24 bytes, lto-llvm-f34deb.o(.text.screen_btnm_x_pic_event_handler))
<BR><BR>[Stack]<UL><LI>Max Depth = 552 + Unknown Stack Size
<LI>Call Chain = screen_btnm_x_pic_event_handler &rArr; lv_label_set_text_fmt &rArr; lv_label_refr_text &rArr; lv_obj_invalidate &rArr; lv_obj_area_is_visible &rArr; lv_obj_get_transformed_area &rArr; lv_obj_transform_point &rArr;  lv_obj_transform_point (Cycle)
</UL>
<BR>[Calls]<UL><LI><a href="#[199]">&gt;&gt;</a>&nbsp;&nbsp;&nbsp;lv_label_set_text_fmt
<LI><a href="#[19a]">&gt;&gt;</a>&nbsp;&nbsp;&nbsp;lv_anim_del
<LI><a href="#[19b]">&gt;&gt;</a>&nbsp;&nbsp;&nbsp;lv_obj_invalidate
<LI><a href="#[20c]">&gt;&gt;</a>&nbsp;&nbsp;&nbsp;lv_obj_clear_flag
<LI><a href="#[290]">&gt;&gt;</a>&nbsp;&nbsp;&nbsp;ui_scale_animation
<LI><a href="#[28f]">&gt;&gt;</a>&nbsp;&nbsp;&nbsp;ui_move_animation
</UL>
<BR>[Address Reference Count : 1]<UL><LI> lto-llvm-f34deb.o(.text.setup_scr_screen)
</UL>
<P><STRONG><a name="[fd]"></a>screen_btnm_y_pic_event_handler</STRONG> (Thumb, 588 bytes, Stack size 24 bytes, lto-llvm-f34deb.o(.text.screen_btnm_y_pic_event_handler))
<BR><BR>[Stack]<UL><LI>Max Depth = 552 + Unknown Stack Size
<LI>Call Chain = screen_btnm_y_pic_event_handler &rArr; lv_label_set_text_fmt &rArr; lv_label_refr_text &rArr; lv_obj_invalidate &rArr; lv_obj_area_is_visible &rArr; lv_obj_get_transformed_area &rArr; lv_obj_transform_point &rArr;  lv_obj_transform_point (Cycle)
</UL>
<BR>[Calls]<UL><LI><a href="#[199]">&gt;&gt;</a>&nbsp;&nbsp;&nbsp;lv_label_set_text_fmt
<LI><a href="#[19a]">&gt;&gt;</a>&nbsp;&nbsp;&nbsp;lv_anim_del
<LI><a href="#[19b]">&gt;&gt;</a>&nbsp;&nbsp;&nbsp;lv_obj_invalidate
<LI><a href="#[20c]">&gt;&gt;</a>&nbsp;&nbsp;&nbsp;lv_obj_clear_flag
<LI><a href="#[290]">&gt;&gt;</a>&nbsp;&nbsp;&nbsp;ui_scale_animation
<LI><a href="#[28f]">&gt;&gt;</a>&nbsp;&nbsp;&nbsp;ui_move_animation
</UL>
<BR>[Address Reference Count : 1]<UL><LI> lto-llvm-f34deb.o(.text.setup_scr_screen)
</UL>
<P><STRONG><a name="[fe]"></a>screen_ddlist_vid_format_event_handler</STRONG> (Thumb, 190 bytes, Stack size 16 bytes, lto-llvm-f34deb.o(.text.screen_ddlist_vid_format_event_handler))
<BR><BR>[Stack]<UL><LI>Max Depth = 616 + Unknown Stack Size
<LI>Call Chain = screen_ddlist_vid_format_event_handler &rArr; ddlist_min_value_changed_callback &rArr; lv_label_set_text_fmt &rArr; lv_label_refr_text &rArr; lv_obj_invalidate &rArr; lv_obj_area_is_visible &rArr; lv_obj_get_transformed_area &rArr; lv_obj_transform_point &rArr;  lv_obj_transform_point (Cycle)
</UL>
<BR>[Calls]<UL><LI><a href="#[235]">&gt;&gt;</a>&nbsp;&nbsp;&nbsp;position_to_selected
<LI><a href="#[23a]">&gt;&gt;</a>&nbsp;&nbsp;&nbsp;lv_dropdown_set_options
<LI><a href="#[1d0]">&gt;&gt;</a>&nbsp;&nbsp;&nbsp;ddlist_min_value_changed_callback
<LI><a href="#[1cf]">&gt;&gt;</a>&nbsp;&nbsp;&nbsp;ddlist_max_value_changed_callback
<LI><a href="#[19b]">&gt;&gt;</a>&nbsp;&nbsp;&nbsp;lv_obj_invalidate
</UL>
<BR>[Address Reference Count : 1]<UL><LI> lto-llvm-f34deb.o(.text.setup_scr_screen)
</UL>
<P><STRONG><a name="[ff]"></a>screen_ddlist_algorithm_event_handler</STRONG> (Thumb, 38 bytes, Stack size 0 bytes, lto-llvm-f34deb.o(.text.screen_ddlist_algorithm_event_handler))
<BR>[Address Reference Count : 1]<UL><LI> lto-llvm-f34deb.o(.text.setup_scr_screen)
</UL>
<P><STRONG><a name="[100]"></a>screen_slider_a_event_handler</STRONG> (Thumb, 120 bytes, Stack size 32 bytes, lto-llvm-f34deb.o(.text.screen_slider_a_event_handler))
<BR><BR>[Stack]<UL><LI>Max Depth = 536 + Unknown Stack Size
<LI>Call Chain = screen_slider_a_event_handler &rArr; lv_label_set_text &rArr; lv_label_refr_text &rArr; lv_obj_invalidate &rArr; lv_obj_area_is_visible &rArr; lv_obj_get_transformed_area &rArr; lv_obj_transform_point &rArr;  lv_obj_transform_point (Cycle)
</UL>
<BR>[Calls]<UL><LI><a href="#[16f]">&gt;&gt;</a>&nbsp;&nbsp;&nbsp;__2sprintf
<LI><a href="#[1ab]">&gt;&gt;</a>&nbsp;&nbsp;&nbsp;lv_label_set_text
</UL>
<BR>[Address Reference Count : 1]<UL><LI> lto-llvm-f34deb.o(.text.setup_scr_screen)
</UL>
<P><STRONG><a name="[101]"></a>screen_btn_1_event_handler</STRONG> (Thumb, 30 bytes, Stack size 0 bytes, lto-llvm-f34deb.o(.text.screen_btn_1_event_handler))
<BR><BR>[Stack]<UL><LI>Max Depth = 416<LI>Call Chain = screen_btn_1_event_handler &rArr; lv_obj_add_flag &rArr; focus_next_core &rArr; lv_obj_invalidate &rArr; lv_obj_area_is_visible &rArr; lv_obj_get_transformed_area &rArr; lv_obj_transform_point &rArr;  lv_obj_transform_point (Cycle)
</UL>
<BR>[Calls]<UL><LI><a href="#[1c6]">&gt;&gt;</a>&nbsp;&nbsp;&nbsp;lv_obj_add_flag
</UL>
<BR>[Address Reference Count : 1]<UL><LI> lto-llvm-f34deb.o(.text.setup_scr_screen)
</UL><P>
<H3>
Undefined Global Symbols
</H3><HR></body></html>
