
---------- Resource Summary (begin) ----------
Inputs: 82 / 1703 (4.82%)
Outputs: 251 / 2267 (11.07%)
Global Clocks (GBUF): 13 / 32 (40.62%)
Regional Clocks (RBUF): 1 / 32 (3.12%)
	RBUF: Core: 0 / 16 (0.00%)
	RBUF: Periphery: 1 / 8 (12.50%)
	RBUF: Multi-Region: 0 / 8 (0.00%)
XLRs: 17487 / 60800 (28.76%)
	XLRs needed for Logic: 6127 / 60800 (10.08%)
	XLRs needed for Logic + FF: 2877 / 60800 (4.73%)
	XLRs needed for Adder: 1448 / 60800 (2.38%)
	XLRs needed for Adder + FF: 1887 / 60800 (3.10%)
	XLRs needed for FF: 3680 / 60800 (6.05%)
	XLRs needed for SRL8: 1468 / 14720 (9.97%)
	XLRs needed for SRL8+FF: 0 / 14720 (0.00%)
	XLRs needed for Routing: 0 / 60800 (0.00%)
Memory Blocks: 250 / 256 (97.66%)
DSP Blocks: 160 / 160 (100.00%)
---------- Resource Summary (end) ----------


---------- DSP Packer Summary (begin) ----------

	DSP48 blocks required to legally pack design: 160
	DSP48 blocks recoverable by optimizing:
		-> DSP24/12 control signals & parameters: 0
	Best case scenario DSP count after optimizing: 160

---------- DSP Packer Summary (end) ----------



---------- GBUFCE Assignments (begin) ----------


+-----------------+----------+----------+
|    Clock Net    | GBUFCE_X | GBUFCE_Y |
+-----------------+----------+----------+
|     clk_24m     |   106    |   322    |
|     clk_96m     |    1     |   162    |
|    clk_pixel    |   111    |    1     |
|  clk_pixel_10x  |   218    |   159    |
|  clk_pixel_2x   |   218    |   164    |
|     clk_sys     |   110    |    1     |
|    clk_take     |   107    |   322    |
|  clk_take_x27   |   218    |   163    |
|    core_clk     |   112    |    1     |
| ddr_pll_CLKOUT4 |   104    |    1     |
|   hdmi_pclk_i   |    1     |   165    |
|     tac_clk     |   108    |    1     |
|    tdqss_clk    |   109    |    1     |
|     twd_clk     |   107    |    1     |
+-----------------+----------+----------+


----------- GBUFCE Assignments (end) ----------


