
Efinity Interface Designer Timing Report
Version: 2023.2.307
Date: 2024-10-07 15:25

Copyright (C) 2013 - 2023 Efinix Inc. All rights reserved.

Device: Ti60F225
Project: Bilinear_interpolation_prj
Timing Model: I3 (final)

---------- 1. PLL Timing Report (begin) ----------

+--------------+----------+-----------------+--------------------------+---------+-------------------+---------------------------------+---------------------------------+
| PLL Instance | Resource | Reference Clock | Core Clock Reference Pin | FB Mode | Core Feedback Pin | PLL Compensation Delay Max (ns) | PLL Compensation Delay Min (ns) |
+--------------+----------+-----------------+--------------------------+---------+-------------------+---------------------------------+---------------------------------+
|   sys_pll    | PLL_TL0  |     external    |                          |  local  |                   |              0.000              |              0.000              |
+--------------+----------+-----------------+--------------------------+---------+-------------------+---------------------------------+---------------------------------+

+-----------------+-------------+----------------------------+-----------------------+----------+
|      Clock      | Period (ns) | Enable Dynamic Phase Shift | Phase Shift (degrees) | Inverted |
+-----------------+-------------+----------------------------+-----------------------+----------+
|   sys_clk_96M   |   10.4167   |           False            |          0.0          |  false   |
| biliner_clk_out |    5.9524   |           False            |          0.0          |  false   |
|  biliner_clk_in |   62.5000   |           False            |          0.0          |  false   |
+-----------------+-------------+----------------------------+-----------------------+----------+

---------- PLL Timing Report (end) ----------

---------- 2. GPIO Timing Report (begin) ----------

Non-registered GPIO Configuration:
===================================

+---------------+-------------+-----------+----------+----------+
| Instance Name |   Pin Name  | Parameter | Max (ns) | Min (ns) |
+---------------+-------------+-----------+----------+----------+
|   fpga_rxd_1  |  fpga_rxd_1 |  GPIO_IN  |  1.354   |  0.785   |
|  sys_clk_24M  | sys_clk_24M |  GPIO_IN  |  1.354   |  0.785   |
|   fpga_txd_1  |  fpga_txd_1 |  GPIO_OUT |  3.581   |  2.076   |
+---------------+-------------+-----------+----------+----------+

---------- GPIO Timing Report (end) ----------

---------- 3.1 HSIO GPIO Timing Report (begin) ----------

Non-registered HSIO GPIO Configuration:
========================================

+---------------------+---------------------+-----------+----------+----------+
|    Instance Name    |       Pin Name      | Parameter | Max (ns) | Min (ns) |
+---------------------+---------------------+-----------+----------+----------+
|      fpga_rxd_0     |      fpga_rxd_0     |  GPIO_IN  |  0.953   |  0.552   |
|     hdmi_hsync_i    |     hdmi_hsync_i    |  GPIO_IN  |  0.953   |  0.552   |
|    hdmi_pix_clk_i   |    hdmi_pix_clk_i   |  GPIO_IN  |  0.953   |  0.552   |
|    hdmi_pix_en_i    |    hdmi_pix_en_i    |  GPIO_IN  |  0.953   |  0.552   |
|  hdmi_RGB_data_i[0] |  hdmi_RGB_data_i[0] |  GPIO_IN  |  0.953   |  0.552   |
|  hdmi_RGB_data_i[1] |  hdmi_RGB_data_i[1] |  GPIO_IN  |  0.953   |  0.552   |
|  hdmi_RGB_data_i[2] |  hdmi_RGB_data_i[2] |  GPIO_IN  |  0.953   |  0.552   |
|  hdmi_RGB_data_i[3] |  hdmi_RGB_data_i[3] |  GPIO_IN  |  0.953   |  0.552   |
|  hdmi_RGB_data_i[4] |  hdmi_RGB_data_i[4] |  GPIO_IN  |  0.953   |  0.552   |
|  hdmi_RGB_data_i[5] |  hdmi_RGB_data_i[5] |  GPIO_IN  |  0.953   |  0.552   |
|  hdmi_RGB_data_i[6] |  hdmi_RGB_data_i[6] |  GPIO_IN  |  0.953   |  0.552   |
|  hdmi_RGB_data_i[7] |  hdmi_RGB_data_i[7] |  GPIO_IN  |  0.953   |  0.552   |
|  hdmi_RGB_data_i[8] |  hdmi_RGB_data_i[8] |  GPIO_IN  |  0.953   |  0.552   |
|  hdmi_RGB_data_i[9] |  hdmi_RGB_data_i[9] |  GPIO_IN  |  0.953   |  0.552   |
| hdmi_RGB_data_i[10] | hdmi_RGB_data_i[10] |  GPIO_IN  |  0.953   |  0.552   |
| hdmi_RGB_data_i[11] | hdmi_RGB_data_i[11] |  GPIO_IN  |  0.953   |  0.552   |
| hdmi_RGB_data_i[12] | hdmi_RGB_data_i[12] |  GPIO_IN  |  0.953   |  0.552   |
| hdmi_RGB_data_i[13] | hdmi_RGB_data_i[13] |  GPIO_IN  |  0.953   |  0.552   |
| hdmi_RGB_data_i[14] | hdmi_RGB_data_i[14] |  GPIO_IN  |  0.953   |  0.552   |
| hdmi_RGB_data_i[15] | hdmi_RGB_data_i[15] |  GPIO_IN  |  0.953   |  0.552   |
| hdmi_RGB_data_i[16] | hdmi_RGB_data_i[16] |  GPIO_IN  |  0.953   |  0.552   |
| hdmi_RGB_data_i[17] | hdmi_RGB_data_i[17] |  GPIO_IN  |  0.953   |  0.552   |
| hdmi_RGB_data_i[18] | hdmi_RGB_data_i[18] |  GPIO_IN  |  0.953   |  0.552   |
| hdmi_RGB_data_i[19] | hdmi_RGB_data_i[19] |  GPIO_IN  |  0.953   |  0.552   |
| hdmi_RGB_data_i[20] | hdmi_RGB_data_i[20] |  GPIO_IN  |  0.953   |  0.552   |
| hdmi_RGB_data_i[21] | hdmi_RGB_data_i[21] |  GPIO_IN  |  0.953   |  0.552   |
| hdmi_RGB_data_i[22] | hdmi_RGB_data_i[22] |  GPIO_IN  |  0.953   |  0.552   |
| hdmi_RGB_data_i[23] | hdmi_RGB_data_i[23] |  GPIO_IN  |  0.953   |  0.552   |
|     hdmi_vsync_i    |     hdmi_vsync_i    |  GPIO_IN  |  0.953   |  0.552   |
|     adv7611_rstn    |     adv7611_rstn    |  GPIO_OUT |  2.536   |  1.470   |
|      fpga_txd_0     |      fpga_txd_0     |  GPIO_OUT |  2.536   |  1.470   |
|      hdmi_scl_o     |      hdmi_scl_o     |  GPIO_OUT |  2.536   |  1.470   |
|     hdmi_sda_io     |    hdmi_sda_io_IN   |  GPIO_IN  |  0.953   |  0.552   |
|     hdmi_sda_io     |   hdmi_sda_io_OUT   |  GPIO_OUT |  2.536   |  1.470   |
|     hdmi_sda_io     |    hdmi_sda_io_OE   |  GPIO_OUT |  2.246   |  1.302   |
+---------------------+---------------------+-----------+----------+----------+

---------- HSIO GPIO Timing Report (end) ----------
